/home/fathinah.izzati/TJ/filtered/Full_Tom_and_Jerry_Shiver_Me_Whiskers_2006_HD/chunk_000 0 10
/home/fathinah.izzati/TJ/filtered/Full_Tom_and_Jerry_Shiver_Me_Whiskers_2006_HD/chunk_001 0 10
/home/fathinah.izzati/TJ/filtered/Full_Tom_and_Jerry_Shiver_Me_Whiskers_2006_HD/chunk_002 0 10
/home/fathinah.izzati/TJ/filtered/Full_Tom_and_Jerry_Shiver_Me_Whiskers_2006_HD/chunk_003 0 10
/home/fathinah.izzati/TJ/filtered/Full_Tom_and_Jerry_Shiver_Me_Whiskers_2006_HD/chunk_005 0 10
/home/fathinah.izzati/TJ/filtered/Full_Tom_and_Jerry_Shiver_Me_Whiskers_2006_HD/chunk_006 0 10
/home/fathinah.izzati/TJ/filtered/Full_Tom_and_Jerry_Shiver_Me_Whiskers_2006_HD/chunk_007 0 10
/home/fathinah.izzati/TJ/filtered/Full_Tom_and_Jerry_Shiver_Me_Whiskers_2006_HD/chunk_008 0 10
/home/fathinah.izzati/TJ/filtered/Full_Tom_and_Jerry_Shiver_Me_Whiskers_2006_HD/chunk_009 0 10
/home/fathinah.izzati/TJ/filtered/Full_Tom_and_Jerry_Shiver_Me_Whiskers_2006_HD/chunk_010 0 10
/home/fathinah.izzati/TJ/filtered/Full_Tom_and_Jerry_Shiver_Me_Whiskers_2006_HD/chunk_011 0 10
/home/fathinah.izzati/TJ/filtered/Full_Tom_and_Jerry_Shiver_Me_Whiskers_2006_HD/chunk_012 0 10
/home/fathinah.izzati/TJ/filtered/Full_Tom_and_Jerry_Shiver_Me_Whiskers_2006_HD/chunk_013 0 10
/home/fathinah.izzati/TJ/filtered/Full_Tom_and_Jerry_Shiver_Me_Whiskers_2006_HD/chunk_014 0 10
/home/fathinah.izzati/TJ/filtered/Full_Tom_and_Jerry_Shiver_Me_Whiskers_2006_HD/chunk_015 0 10
/home/fathinah.izzati/TJ/filtered/Full_Tom_and_Jerry_Shiver_Me_Whiskers_2006_HD/chunk_016 0 10
/home/fathinah.izzati/TJ/filtered/Full_Tom_and_Jerry_Shiver_Me_Whiskers_2006_HD/chunk_017 0 10
/home/fathinah.izzati/TJ/filtered/Full_Tom_and_Jerry_Shiver_Me_Whiskers_2006_HD/chunk_018 0 10
/home/fathinah.izzati/TJ/filtered/Full_Tom_and_Jerry_Shiver_Me_Whiskers_2006_HD/chunk_019 0 10
/home/fathinah.izzati/TJ/filtered/Full_Tom_and_Jerry_Shiver_Me_Whiskers_2006_HD/chunk_020 0 10
/home/fathinah.izzati/TJ/filtered/Full_Tom_and_Jerry_Shiver_Me_Whiskers_2006_HD/chunk_021 0 10
/home/fathinah.izzati/TJ/filtered/Full_Tom_and_Jerry_Shiver_Me_Whiskers_2006_HD/chunk_022 0 10
/home/fathinah.izzati/TJ/filtered/Full_Tom_and_Jerry_Shiver_Me_Whiskers_2006_HD/chunk_023 0 10
/home/fathinah.izzati/TJ/filtered/Full_Tom_and_Jerry_Shiver_Me_Whiskers_2006_HD/chunk_024 0 10
/home/fathinah.izzati/TJ/filtered/Full_Tom_and_Jerry_Shiver_Me_Whiskers_2006_HD/chunk_025 0 10
/home/fathinah.izzati/TJ/filtered/Full_Tom_and_Jerry_Shiver_Me_Whiskers_2006_HD/chunk_026 0 10
/home/fathinah.izzati/TJ/filtered/Full_Tom_and_Jerry_Shiver_Me_Whiskers_2006_HD/chunk_027 0 10
/home/fathinah.izzati/TJ/filtered/Full_Tom_and_Jerry_Shiver_Me_Whiskers_2006_HD/chunk_028 0 10
/home/fathinah.izzati/TJ/filtered/Full_Tom_and_Jerry_Shiver_Me_Whiskers_2006_HD/chunk_029 0 10
/home/fathinah.izzati/TJ/filtered/Full_Tom_and_Jerry_Shiver_Me_Whiskers_2006_HD/chunk_030 0 10
/home/fathinah.izzati/TJ/filtered/Full_Tom_and_Jerry_Shiver_Me_Whiskers_2006_HD/chunk_031 0 10
/home/fathinah.izzati/TJ/filtered/Full_Tom_and_Jerry_Shiver_Me_Whiskers_2006_HD/chunk_032 0 10
/home/fathinah.izzati/TJ/filtered/Full_Tom_and_Jerry_Shiver_Me_Whiskers_2006_HD/chunk_033 0 10
/home/fathinah.izzati/TJ/filtered/Full_Tom_and_Jerry_Shiver_Me_Whiskers_2006_HD/chunk_034 0 10
/home/fathinah.izzati/TJ/filtered/Full_Tom_and_Jerry_Shiver_Me_Whiskers_2006_HD/chunk_035 0 10
/home/fathinah.izzati/TJ/filtered/Full_Tom_and_Jerry_Shiver_Me_Whiskers_2006_HD/chunk_036 0 10
/home/fathinah.izzati/TJ/filtered/Full_Tom_and_Jerry_Shiver_Me_Whiskers_2006_HD/chunk_037 0 10
/home/fathinah.izzati/TJ/filtered/Full_Tom_and_Jerry_Shiver_Me_Whiskers_2006_HD/chunk_038 0 10
/home/fathinah.izzati/TJ/filtered/Full_Tom_and_Jerry_Shiver_Me_Whiskers_2006_HD/chunk_039 0 10
/home/fathinah.izzati/TJ/filtered/Full_Tom_and_Jerry_Shiver_Me_Whiskers_2006_HD/chunk_040 0 10
/home/fathinah.izzati/TJ/filtered/Full_Tom_and_Jerry_Shiver_Me_Whiskers_2006_HD/chunk_041 0 10
/home/fathinah.izzati/TJ/filtered/Full_Tom_and_Jerry_Shiver_Me_Whiskers_2006_HD/chunk_042 0 10
/home/fathinah.izzati/TJ/filtered/Full_Tom_and_Jerry_Shiver_Me_Whiskers_2006_HD/chunk_043 0 10
/home/fathinah.izzati/TJ/filtered/Full_Tom_and_Jerry_Shiver_Me_Whiskers_2006_HD/chunk_044 0 10
/home/fathinah.izzati/TJ/filtered/Full_Tom_and_Jerry_Shiver_Me_Whiskers_2006_HD/chunk_045 0 10
/home/fathinah.izzati/TJ/filtered/Full_Tom_and_Jerry_Shiver_Me_Whiskers_2006_HD/chunk_046 0 10
/home/fathinah.izzati/TJ/filtered/Full_Tom_and_Jerry_Shiver_Me_Whiskers_2006_HD/chunk_047 0 10
/home/fathinah.izzati/TJ/filtered/Full_Tom_and_Jerry_Shiver_Me_Whiskers_2006_HD/chunk_048 0 10
/home/fathinah.izzati/TJ/filtered/Full_Tom_and_Jerry_Shiver_Me_Whiskers_2006_HD/chunk_049 0 10
/home/fathinah.izzati/TJ/filtered/Full_Tom_and_Jerry_Shiver_Me_Whiskers_2006_HD/chunk_050 0 10
/home/fathinah.izzati/TJ/filtered/Full_Tom_and_Jerry_Shiver_Me_Whiskers_2006_HD/chunk_051 0 10
/home/fathinah.izzati/TJ/filtered/Full_Tom_and_Jerry_Shiver_Me_Whiskers_2006_HD/chunk_052 0 10
/home/fathinah.izzati/TJ/filtered/Full_Tom_and_Jerry_Shiver_Me_Whiskers_2006_HD/chunk_054 0 10
/home/fathinah.izzati/TJ/filtered/Full_Tom_and_Jerry_Shiver_Me_Whiskers_2006_HD/chunk_055 0 10
/home/fathinah.izzati/TJ/filtered/Full_Tom_and_Jerry_Shiver_Me_Whiskers_2006_HD/chunk_056 0 10
/home/fathinah.izzati/TJ/filtered/Full_Tom_and_Jerry_Shiver_Me_Whiskers_2006_HD/chunk_057 0 10
/home/fathinah.izzati/TJ/filtered/Full_Tom_and_Jerry_Shiver_Me_Whiskers_2006_HD/chunk_058 0 10
/home/fathinah.izzati/TJ/filtered/Full_Tom_and_Jerry_Shiver_Me_Whiskers_2006_HD/chunk_059 0 10
/home/fathinah.izzati/TJ/filtered/Full_Tom_and_Jerry_Shiver_Me_Whiskers_2006_HD/chunk_060 0 10
/home/fathinah.izzati/TJ/filtered/Full_Tom_and_Jerry_Shiver_Me_Whiskers_2006_HD/chunk_061 0 10
/home/fathinah.izzati/TJ/filtered/Full_Tom_and_Jerry_Shiver_Me_Whiskers_2006_HD/chunk_062 0 10
/home/fathinah.izzati/TJ/filtered/Full_Tom_and_Jerry_Shiver_Me_Whiskers_2006_HD/chunk_063 0 10
/home/fathinah.izzati/TJ/filtered/Full_Tom_and_Jerry_Shiver_Me_Whiskers_2006_HD/chunk_064 0 10
/home/fathinah.izzati/TJ/filtered/Full_Tom_and_Jerry_Shiver_Me_Whiskers_2006_HD/chunk_065 0 10
/home/fathinah.izzati/TJ/filtered/Full_Tom_and_Jerry_Shiver_Me_Whiskers_2006_HD/chunk_066 0 10
/home/fathinah.izzati/TJ/filtered/Full_Tom_and_Jerry_Shiver_Me_Whiskers_2006_HD/chunk_067 0 10
/home/fathinah.izzati/TJ/filtered/Full_Tom_and_Jerry_Shiver_Me_Whiskers_2006_HD/chunk_068 0 10
/home/fathinah.izzati/TJ/filtered/Full_Tom_and_Jerry_Shiver_Me_Whiskers_2006_HD/chunk_069 0 10
/home/fathinah.izzati/TJ/filtered/Full_Tom_and_Jerry_Shiver_Me_Whiskers_2006_HD/chunk_070 0 10
/home/fathinah.izzati/TJ/filtered/Full_Tom_and_Jerry_Shiver_Me_Whiskers_2006_HD/chunk_071 0 10
/home/fathinah.izzati/TJ/filtered/Full_Tom_and_Jerry_Shiver_Me_Whiskers_2006_HD/chunk_072 0 10
/home/fathinah.izzati/TJ/filtered/Full_Tom_and_Jerry_Shiver_Me_Whiskers_2006_HD/chunk_073 0 10
/home/fathinah.izzati/TJ/filtered/Full_Tom_and_Jerry_Shiver_Me_Whiskers_2006_HD/chunk_074 0 10
/home/fathinah.izzati/TJ/filtered/Full_Tom_and_Jerry_Shiver_Me_Whiskers_2006_HD/chunk_075 0 10
/home/fathinah.izzati/TJ/filtered/Full_Tom_and_Jerry_Shiver_Me_Whiskers_2006_HD/chunk_076 0 10
/home/fathinah.izzati/TJ/filtered/Full_Tom_and_Jerry_Shiver_Me_Whiskers_2006_HD/chunk_077 0 10
/home/fathinah.izzati/TJ/filtered/Full_Tom_and_Jerry_Shiver_Me_Whiskers_2006_HD/chunk_078 0 10
/home/fathinah.izzati/TJ/filtered/Full_Tom_and_Jerry_Shiver_Me_Whiskers_2006_HD/chunk_079 0 10
/home/fathinah.izzati/TJ/filtered/Full_Tom_and_Jerry_Shiver_Me_Whiskers_2006_HD/chunk_080 0 10
/home/fathinah.izzati/TJ/filtered/Full_Tom_and_Jerry_Shiver_Me_Whiskers_2006_HD/chunk_081 0 10
/home/fathinah.izzati/TJ/filtered/Full_Tom_and_Jerry_Shiver_Me_Whiskers_2006_HD/chunk_082 0 10
/home/fathinah.izzati/TJ/filtered/Full_Tom_and_Jerry_Shiver_Me_Whiskers_2006_HD/chunk_083 0 10
/home/fathinah.izzati/TJ/filtered/Full_Tom_and_Jerry_Shiver_Me_Whiskers_2006_HD/chunk_084 0 10
/home/fathinah.izzati/TJ/filtered/Full_Tom_and_Jerry_Shiver_Me_Whiskers_2006_HD/chunk_085 0 10
/home/fathinah.izzati/TJ/filtered/Full_Tom_and_Jerry_Shiver_Me_Whiskers_2006_HD/chunk_086 0 10
/home/fathinah.izzati/TJ/filtered/Full_Tom_and_Jerry_Shiver_Me_Whiskers_2006_HD/chunk_087 0 10
/home/fathinah.izzati/TJ/filtered/Full_Tom_and_Jerry_Shiver_Me_Whiskers_2006_HD/chunk_088 0 10
/home/fathinah.izzati/TJ/filtered/Full_Tom_and_Jerry_Shiver_Me_Whiskers_2006_HD/chunk_089 0 10
/home/fathinah.izzati/TJ/filtered/Full_Tom_and_Jerry_Shiver_Me_Whiskers_2006_HD/chunk_090 0 10
/home/fathinah.izzati/TJ/filtered/Full_Tom_and_Jerry_Shiver_Me_Whiskers_2006_HD/chunk_091 0 10
/home/fathinah.izzati/TJ/filtered/Full_Tom_and_Jerry_Shiver_Me_Whiskers_2006_HD/chunk_092 0 10
/home/fathinah.izzati/TJ/filtered/Full_Tom_and_Jerry_Shiver_Me_Whiskers_2006_HD/chunk_093 0 10
/home/fathinah.izzati/TJ/filtered/Full_Tom_and_Jerry_Shiver_Me_Whiskers_2006_HD/chunk_094 0 10
/home/fathinah.izzati/TJ/filtered/Full_Tom_and_Jerry_Shiver_Me_Whiskers_2006_HD/chunk_095 0 10
/home/fathinah.izzati/TJ/filtered/Full_Tom_and_Jerry_Shiver_Me_Whiskers_2006_HD/chunk_096 0 10
/home/fathinah.izzati/TJ/filtered/Full_Tom_and_Jerry_Shiver_Me_Whiskers_2006_HD/chunk_097 0 10
/home/fathinah.izzati/TJ/filtered/Full_Tom_and_Jerry_Shiver_Me_Whiskers_2006_HD/chunk_098 0 10
/home/fathinah.izzati/TJ/filtered/Full_Tom_and_Jerry_Shiver_Me_Whiskers_2006_HD/chunk_099 0 10
/home/fathinah.izzati/TJ/filtered/Full_Tom_and_Jerry_Shiver_Me_Whiskers_2006_HD/chunk_100 0 10
/home/fathinah.izzati/TJ/filtered/Full_Tom_and_Jerry_Shiver_Me_Whiskers_2006_HD/chunk_101 0 10
/home/fathinah.izzati/TJ/filtered/Full_Tom_and_Jerry_Shiver_Me_Whiskers_2006_HD/chunk_102 0 10
/home/fathinah.izzati/TJ/filtered/Full_Tom_and_Jerry_Shiver_Me_Whiskers_2006_HD/chunk_103 0 10
/home/fathinah.izzati/TJ/filtered/Full_Tom_and_Jerry_Shiver_Me_Whiskers_2006_HD/chunk_104 0 10
/home/fathinah.izzati/TJ/filtered/Full_Tom_and_Jerry_Shiver_Me_Whiskers_2006_HD/chunk_105 0 10
/home/fathinah.izzati/TJ/filtered/Full_Tom_and_Jerry_Shiver_Me_Whiskers_2006_HD/chunk_106 0 10
/home/fathinah.izzati/TJ/filtered/Full_Tom_and_Jerry_Shiver_Me_Whiskers_2006_HD/chunk_107 0 10
/home/fathinah.izzati/TJ/filtered/Full_Tom_and_Jerry_Shiver_Me_Whiskers_2006_HD/chunk_108 0 10
/home/fathinah.izzati/TJ/filtered/Full_Tom_and_Jerry_Shiver_Me_Whiskers_2006_HD/chunk_109 0 10
/home/fathinah.izzati/TJ/filtered/Full_Tom_and_Jerry_Shiver_Me_Whiskers_2006_HD/chunk_110 0 10
/home/fathinah.izzati/TJ/filtered/Full_Tom_and_Jerry_Shiver_Me_Whiskers_2006_HD/chunk_111 0 10
/home/fathinah.izzati/TJ/filtered/Full_Tom_and_Jerry_Shiver_Me_Whiskers_2006_HD/chunk_112 0 10
/home/fathinah.izzati/TJ/filtered/Full_Tom_and_Jerry_Shiver_Me_Whiskers_2006_HD/chunk_113 0 10
/home/fathinah.izzati/TJ/filtered/Full_Tom_and_Jerry_Shiver_Me_Whiskers_2006_HD/chunk_114 0 10
/home/fathinah.izzati/TJ/filtered/Full_Tom_and_Jerry_Shiver_Me_Whiskers_2006_HD/chunk_115 0 10
/home/fathinah.izzati/TJ/filtered/Full_Tom_and_Jerry_Shiver_Me_Whiskers_2006_HD/chunk_116 0 10
/home/fathinah.izzati/TJ/filtered/Full_Tom_and_Jerry_Shiver_Me_Whiskers_2006_HD/chunk_117 0 10
/home/fathinah.izzati/TJ/filtered/Full_Tom_and_Jerry_Shiver_Me_Whiskers_2006_HD/chunk_118 0 10
/home/fathinah.izzati/TJ/filtered/Full_Tom_and_Jerry_Shiver_Me_Whiskers_2006_HD/chunk_119 0 10
/home/fathinah.izzati/TJ/filtered/Full_Tom_and_Jerry_Shiver_Me_Whiskers_2006_HD/chunk_120 0 10
/home/fathinah.izzati/TJ/filtered/Full_Tom_and_Jerry_Shiver_Me_Whiskers_2006_HD/chunk_121 0 10
/home/fathinah.izzati/TJ/filtered/Full_Tom_and_Jerry_Shiver_Me_Whiskers_2006_HD/chunk_122 0 10
/home/fathinah.izzati/TJ/filtered/Full_Tom_and_Jerry_Shiver_Me_Whiskers_2006_HD/chunk_123 0 10
/home/fathinah.izzati/TJ/filtered/Full_Tom_and_Jerry_Shiver_Me_Whiskers_2006_HD/chunk_124 0 10
/home/fathinah.izzati/TJ/filtered/Full_Tom_and_Jerry_Shiver_Me_Whiskers_2006_HD/chunk_125 0 10
/home/fathinah.izzati/TJ/filtered/Full_Tom_and_Jerry_Shiver_Me_Whiskers_2006_HD/chunk_126 0 10
/home/fathinah.izzati/TJ/filtered/Full_Tom_and_Jerry_Shiver_Me_Whiskers_2006_HD/chunk_127 0 10
/home/fathinah.izzati/TJ/filtered/Full_Tom_and_Jerry_Shiver_Me_Whiskers_2006_HD/chunk_128 0 10
/home/fathinah.izzati/TJ/filtered/Full_Tom_and_Jerry_Shiver_Me_Whiskers_2006_HD/chunk_129 0 10
/home/fathinah.izzati/TJ/filtered/Full_Tom_and_Jerry_Shiver_Me_Whiskers_2006_HD/chunk_130 0 10
/home/fathinah.izzati/TJ/filtered/Full_Tom_and_Jerry_Shiver_Me_Whiskers_2006_HD/chunk_131 0 10
/home/fathinah.izzati/TJ/filtered/Full_Tom_and_Jerry_Shiver_Me_Whiskers_2006_HD/chunk_132 0 10
/home/fathinah.izzati/TJ/filtered/Full_Tom_and_Jerry_Shiver_Me_Whiskers_2006_HD/chunk_133 0 10
/home/fathinah.izzati/TJ/filtered/Full_Tom_and_Jerry_Shiver_Me_Whiskers_2006_HD/chunk_134 0 10
/home/fathinah.izzati/TJ/filtered/Full_Tom_and_Jerry_Shiver_Me_Whiskers_2006_HD/chunk_135 0 10
/home/fathinah.izzati/TJ/filtered/Full_Tom_and_Jerry_Shiver_Me_Whiskers_2006_HD/chunk_136 0 10
/home/fathinah.izzati/TJ/filtered/Full_Tom_and_Jerry_Shiver_Me_Whiskers_2006_HD/chunk_137 0 10
/home/fathinah.izzati/TJ/filtered/Full_Tom_and_Jerry_Shiver_Me_Whiskers_2006_HD/chunk_138 0 10
/home/fathinah.izzati/TJ/filtered/Full_Tom_and_Jerry_Shiver_Me_Whiskers_2006_HD/chunk_139 0 10
/home/fathinah.izzati/TJ/filtered/Full_Tom_and_Jerry_Shiver_Me_Whiskers_2006_HD/chunk_140 0 10
/home/fathinah.izzati/TJ/filtered/Full_Tom_and_Jerry_Shiver_Me_Whiskers_2006_HD/chunk_141 0 10
/home/fathinah.izzati/TJ/filtered/Full_Tom_and_Jerry_Shiver_Me_Whiskers_2006_HD/chunk_142 0 10
/home/fathinah.izzati/TJ/filtered/Full_Tom_and_Jerry_Shiver_Me_Whiskers_2006_HD/chunk_143 0 10
/home/fathinah.izzati/TJ/filtered/Full_Tom_and_Jerry_Shiver_Me_Whiskers_2006_HD/chunk_144 0 10
/home/fathinah.izzati/TJ/filtered/Full_Tom_and_Jerry_Shiver_Me_Whiskers_2006_HD/chunk_145 0 10
/home/fathinah.izzati/TJ/filtered/Full_Tom_and_Jerry_Shiver_Me_Whiskers_2006_HD/chunk_146 0 10
/home/fathinah.izzati/TJ/filtered/Full_Tom_and_Jerry_Shiver_Me_Whiskers_2006_HD/chunk_147 0 10
/home/fathinah.izzati/TJ/filtered/Full_Tom_and_Jerry_Shiver_Me_Whiskers_2006_HD/chunk_148 0 10
/home/fathinah.izzati/TJ/filtered/Full_Tom_and_Jerry_Shiver_Me_Whiskers_2006_HD/chunk_149 0 10
/home/fathinah.izzati/TJ/filtered/Full_Tom_and_Jerry_Shiver_Me_Whiskers_2006_HD/chunk_150 0 10
/home/fathinah.izzati/TJ/filtered/Full_Tom_and_Jerry_Shiver_Me_Whiskers_2006_HD/chunk_151 0 10
/home/fathinah.izzati/TJ/filtered/Full_Tom_and_Jerry_Shiver_Me_Whiskers_2006_HD/chunk_152 0 10
/home/fathinah.izzati/TJ/filtered/Full_Tom_and_Jerry_Shiver_Me_Whiskers_2006_HD/chunk_153 0 10
/home/fathinah.izzati/TJ/filtered/Full_Tom_and_Jerry_Shiver_Me_Whiskers_2006_HD/chunk_154 0 10
/home/fathinah.izzati/TJ/filtered/Full_Tom_and_Jerry_Shiver_Me_Whiskers_2006_HD/chunk_155 0 10
/home/fathinah.izzati/TJ/filtered/Full_Tom_and_Jerry_Shiver_Me_Whiskers_2006_HD/chunk_156 0 10
/home/fathinah.izzati/TJ/filtered/Full_Tom_and_Jerry_Shiver_Me_Whiskers_2006_HD/chunk_157 0 10
/home/fathinah.izzati/TJ/filtered/Full_Tom_and_Jerry_Shiver_Me_Whiskers_2006_HD/chunk_158 0 10
/home/fathinah.izzati/TJ/filtered/Full_Tom_and_Jerry_Shiver_Me_Whiskers_2006_HD/chunk_159 0 10
/home/fathinah.izzati/TJ/filtered/Full_Tom_and_Jerry_Shiver_Me_Whiskers_2006_HD/chunk_160 0 10
/home/fathinah.izzati/TJ/filtered/Full_Tom_and_Jerry_Shiver_Me_Whiskers_2006_HD/chunk_161 0 10
/home/fathinah.izzati/TJ/filtered/Full_Tom_and_Jerry_Shiver_Me_Whiskers_2006_HD/chunk_162 0 10
/home/fathinah.izzati/TJ/filtered/Full_Tom_and_Jerry_Shiver_Me_Whiskers_2006_HD/chunk_163 0 10
/home/fathinah.izzati/TJ/filtered/Full_Tom_and_Jerry_Shiver_Me_Whiskers_2006_HD/chunk_164 0 10
/home/fathinah.izzati/TJ/filtered/Full_Tom_and_Jerry_Shiver_Me_Whiskers_2006_HD/chunk_165 0 10
/home/fathinah.izzati/TJ/filtered/Full_Tom_and_Jerry_Shiver_Me_Whiskers_2006_HD/chunk_166 0 10
/home/fathinah.izzati/TJ/filtered/Full_Tom_and_Jerry_Shiver_Me_Whiskers_2006_HD/chunk_167 0 10
/home/fathinah.izzati/TJ/filtered/Full_Tom_and_Jerry_Shiver_Me_Whiskers_2006_HD/chunk_168 0 10
/home/fathinah.izzati/TJ/filtered/Full_Tom_and_Jerry_Shiver_Me_Whiskers_2006_HD/chunk_169 0 10
/home/fathinah.izzati/TJ/filtered/Full_Tom_and_Jerry_Shiver_Me_Whiskers_2006_HD/chunk_170 0 10
/home/fathinah.izzati/TJ/filtered/Full_Tom_and_Jerry_Shiver_Me_Whiskers_2006_HD/chunk_171 0 10
/home/fathinah.izzati/TJ/filtered/Full_Tom_and_Jerry_Shiver_Me_Whiskers_2006_HD/chunk_172 0 10
/home/fathinah.izzati/TJ/filtered/Full_Tom_and_Jerry_Shiver_Me_Whiskers_2006_HD/chunk_173 0 10
/home/fathinah.izzati/TJ/filtered/Full_Tom_and_Jerry_Shiver_Me_Whiskers_2006_HD/chunk_174 0 10
/home/fathinah.izzati/TJ/filtered/Full_Tom_and_Jerry_Shiver_Me_Whiskers_2006_HD/chunk_175 0 10
/home/fathinah.izzati/TJ/filtered/Full_Tom_and_Jerry_Shiver_Me_Whiskers_2006_HD/chunk_176 0 10
/home/fathinah.izzati/TJ/filtered/Full_Tom_and_Jerry_Shiver_Me_Whiskers_2006_HD/chunk_177 0 10
/home/fathinah.izzati/TJ/filtered/Full_Tom_and_Jerry_Shiver_Me_Whiskers_2006_HD/chunk_178 0 10
/home/fathinah.izzati/TJ/filtered/Full_Tom_and_Jerry_Shiver_Me_Whiskers_2006_HD/chunk_179 0 10
/home/fathinah.izzati/TJ/filtered/Full_Tom_and_Jerry_Shiver_Me_Whiskers_2006_HD/chunk_180 0 10
/home/fathinah.izzati/TJ/filtered/Full_Tom_and_Jerry_Shiver_Me_Whiskers_2006_HD/chunk_181 0 10
/home/fathinah.izzati/TJ/filtered/Full_Tom_and_Jerry_Shiver_Me_Whiskers_2006_HD/chunk_182 0 10
/home/fathinah.izzati/TJ/filtered/Full_Tom_and_Jerry_Shiver_Me_Whiskers_2006_HD/chunk_183 0 10
/home/fathinah.izzati/TJ/filtered/Full_Tom_and_Jerry_Shiver_Me_Whiskers_2006_HD/chunk_184 0 10
/home/fathinah.izzati/TJ/filtered/Full_Tom_and_Jerry_Shiver_Me_Whiskers_2006_HD/chunk_185 0 10
/home/fathinah.izzati/TJ/filtered/Full_Tom_and_Jerry_Shiver_Me_Whiskers_2006_HD/chunk_186 0 10
/home/fathinah.izzati/TJ/filtered/Full_Tom_and_Jerry_Shiver_Me_Whiskers_2006_HD/chunk_187 0 10
/home/fathinah.izzati/TJ/filtered/Full_Tom_and_Jerry_Shiver_Me_Whiskers_2006_HD/chunk_188 0 10
/home/fathinah.izzati/TJ/filtered/Full_Tom_and_Jerry_Shiver_Me_Whiskers_2006_HD/chunk_189 0 10
/home/fathinah.izzati/TJ/filtered/Full_Tom_and_Jerry_Shiver_Me_Whiskers_2006_HD/chunk_190 0 10
/home/fathinah.izzati/TJ/filtered/Full_Tom_and_Jerry_Shiver_Me_Whiskers_2006_HD/chunk_191 0 10
/home/fathinah.izzati/TJ/filtered/Full_Tom_and_Jerry_Shiver_Me_Whiskers_2006_HD/chunk_192 0 10
/home/fathinah.izzati/TJ/filtered/Full_Tom_and_Jerry_Shiver_Me_Whiskers_2006_HD/chunk_193 0 10
/home/fathinah.izzati/TJ/filtered/Full_Tom_and_Jerry_Shiver_Me_Whiskers_2006_HD/chunk_194 0 10
/home/fathinah.izzati/TJ/filtered/Full_Tom_and_Jerry_Shiver_Me_Whiskers_2006_HD/chunk_195 0 10
/home/fathinah.izzati/TJ/filtered/Full_Tom_and_Jerry_Shiver_Me_Whiskers_2006_HD/chunk_196 0 10
/home/fathinah.izzati/TJ/filtered/Full_Tom_and_Jerry_Shiver_Me_Whiskers_2006_HD/chunk_197 0 10
/home/fathinah.izzati/TJ/filtered/Full_Tom_and_Jerry_Shiver_Me_Whiskers_2006_HD/chunk_198 0 10
/home/fathinah.izzati/TJ/filtered/Full_Tom_and_Jerry_Shiver_Me_Whiskers_2006_HD/chunk_199 0 10
/home/fathinah.izzati/TJ/filtered/Full_Tom_and_Jerry_Shiver_Me_Whiskers_2006_HD/chunk_200 0 10
/home/fathinah.izzati/TJ/filtered/Full_Tom_and_Jerry_Shiver_Me_Whiskers_2006_HD/chunk_201 0 10
/home/fathinah.izzati/TJ/filtered/Full_Tom_and_Jerry_Shiver_Me_Whiskers_2006_HD/chunk_202 0 10
/home/fathinah.izzati/TJ/filtered/Full_Tom_and_Jerry_Shiver_Me_Whiskers_2006_HD/chunk_203 0 10
/home/fathinah.izzati/TJ/filtered/Full_Tom_and_Jerry_Shiver_Me_Whiskers_2006_HD/chunk_204 0 10
/home/fathinah.izzati/TJ/filtered/Full_Tom_and_Jerry_Shiver_Me_Whiskers_2006_HD/chunk_205 0 10
/home/fathinah.izzati/TJ/filtered/Full_Tom_and_Jerry_Shiver_Me_Whiskers_2006_HD/chunk_206 0 10
/home/fathinah.izzati/TJ/filtered/Full_Tom_and_Jerry_Shiver_Me_Whiskers_2006_HD/chunk_207 0 10
/home/fathinah.izzati/TJ/filtered/Full_Tom_and_Jerry_Shiver_Me_Whiskers_2006_HD/chunk_208 0 10
/home/fathinah.izzati/TJ/filtered/Full_Tom_and_Jerry_Shiver_Me_Whiskers_2006_HD/chunk_209 0 10
/home/fathinah.izzati/TJ/filtered/Full_Tom_and_Jerry_Shiver_Me_Whiskers_2006_HD/chunk_210 0 10
/home/fathinah.izzati/TJ/filtered/Full_Tom_and_Jerry_Shiver_Me_Whiskers_2006_HD/chunk_211 0 10
/home/fathinah.izzati/TJ/filtered/Full_Tom_and_Jerry_Shiver_Me_Whiskers_2006_HD/chunk_212 0 10
/home/fathinah.izzati/TJ/filtered/Full_Tom_and_Jerry_Shiver_Me_Whiskers_2006_HD/chunk_213 0 10
/home/fathinah.izzati/TJ/filtered/Full_Tom_and_Jerry_Shiver_Me_Whiskers_2006_HD/chunk_214 0 10
/home/fathinah.izzati/TJ/filtered/Full_Tom_and_Jerry_Shiver_Me_Whiskers_2006_HD/chunk_215 0 10
/home/fathinah.izzati/TJ/filtered/Full_Tom_and_Jerry_Shiver_Me_Whiskers_2006_HD/chunk_216 0 10
/home/fathinah.izzati/TJ/filtered/Full_Tom_and_Jerry_Shiver_Me_Whiskers_2006_HD/chunk_217 0 10
/home/fathinah.izzati/TJ/filtered/Full_Tom_and_Jerry_Shiver_Me_Whiskers_2006_HD/chunk_218 0 10
/home/fathinah.izzati/TJ/filtered/Full_Tom_and_Jerry_Shiver_Me_Whiskers_2006_HD/chunk_219 0 10
/home/fathinah.izzati/TJ/filtered/Full_Tom_and_Jerry_Shiver_Me_Whiskers_2006_HD/chunk_220 0 10
/home/fathinah.izzati/TJ/filtered/Full_Tom_and_Jerry_Shiver_Me_Whiskers_2006_HD/chunk_221 0 10
/home/fathinah.izzati/TJ/filtered/Full_Tom_and_Jerry_Shiver_Me_Whiskers_2006_HD/chunk_222 0 10
/home/fathinah.izzati/TJ/filtered/Full_Tom_and_Jerry_Shiver_Me_Whiskers_2006_HD/chunk_223 0 10
/home/fathinah.izzati/TJ/filtered/Full_Tom_and_Jerry_Shiver_Me_Whiskers_2006_HD/chunk_224 0 10
/home/fathinah.izzati/TJ/filtered/Full_Tom_and_Jerry_Shiver_Me_Whiskers_2006_HD/chunk_225 0 10
/home/fathinah.izzati/TJ/filtered/Full_Tom_and_Jerry_Shiver_Me_Whiskers_2006_HD/chunk_226 0 10
/home/fathinah.izzati/TJ/filtered/Full_Tom_and_Jerry_Shiver_Me_Whiskers_2006_HD/chunk_227 0 10
/home/fathinah.izzati/TJ/filtered/Full_Tom_and_Jerry_Shiver_Me_Whiskers_2006_HD/chunk_228 0 10
/home/fathinah.izzati/TJ/filtered/Full_Tom_and_Jerry_Shiver_Me_Whiskers_2006_HD/chunk_229 0 10
/home/fathinah.izzati/TJ/filtered/Full_Tom_and_Jerry_Shiver_Me_Whiskers_2006_HD/chunk_230 0 10
/home/fathinah.izzati/TJ/filtered/Full_Tom_and_Jerry_Shiver_Me_Whiskers_2006_HD/chunk_231 0 10
/home/fathinah.izzati/TJ/filtered/Full_Tom_and_Jerry_Shiver_Me_Whiskers_2006_HD/chunk_232 0 10
/home/fathinah.izzati/TJ/filtered/Full_Tom_and_Jerry_Shiver_Me_Whiskers_2006_HD/chunk_233 0 10
/home/fathinah.izzati/TJ/filtered/Full_Tom_and_Jerry_Shiver_Me_Whiskers_2006_HD/chunk_234 0 10
/home/fathinah.izzati/TJ/filtered/Full_Tom_and_Jerry_Shiver_Me_Whiskers_2006_HD/chunk_235 0 10
/home/fathinah.izzati/TJ/filtered/Full_Tom_and_Jerry_Shiver_Me_Whiskers_2006_HD/chunk_236 0 10
/home/fathinah.izzati/TJ/filtered/Full_Tom_and_Jerry_Shiver_Me_Whiskers_2006_HD/chunk_237 0 10
/home/fathinah.izzati/TJ/filtered/Full_Tom_and_Jerry_Shiver_Me_Whiskers_2006_HD/chunk_238 0 10
/home/fathinah.izzati/TJ/filtered/Full_Tom_and_Jerry_Shiver_Me_Whiskers_2006_HD/chunk_239 0 10
/home/fathinah.izzati/TJ/filtered/Full_Tom_and_Jerry_Shiver_Me_Whiskers_2006_HD/chunk_240 0 10
/home/fathinah.izzati/TJ/filtered/Full_Tom_and_Jerry_Shiver_Me_Whiskers_2006_HD/chunk_241 0 10
/home/fathinah.izzati/TJ/filtered/Full_Tom_and_Jerry_Shiver_Me_Whiskers_2006_HD/chunk_242 0 10
/home/fathinah.izzati/TJ/filtered/Full_Tom_and_Jerry_Shiver_Me_Whiskers_2006_HD/chunk_243 0 10
/home/fathinah.izzati/TJ/filtered/Full_Tom_and_Jerry_Shiver_Me_Whiskers_2006_HD/chunk_244 0 10
/home/fathinah.izzati/TJ/filtered/Full_Tom_and_Jerry_Shiver_Me_Whiskers_2006_HD/chunk_245 0 10
/home/fathinah.izzati/TJ/filtered/Full_Tom_and_Jerry_Shiver_Me_Whiskers_2006_HD/chunk_246 0 10
/home/fathinah.izzati/TJ/filtered/Full_Tom_and_Jerry_Shiver_Me_Whiskers_2006_HD/chunk_247 0 10
/home/fathinah.izzati/TJ/filtered/Full_Tom_and_Jerry_Shiver_Me_Whiskers_2006_HD/chunk_248 0 10
/home/fathinah.izzati/TJ/filtered/Full_Tom_and_Jerry_Shiver_Me_Whiskers_2006_HD/chunk_249 0 10
/home/fathinah.izzati/TJ/filtered/Full_Tom_and_Jerry_Shiver_Me_Whiskers_2006_HD/chunk_250 0 10
/home/fathinah.izzati/TJ/filtered/Full_Tom_and_Jerry_Shiver_Me_Whiskers_2006_HD/chunk_251 0 10
/home/fathinah.izzati/TJ/filtered/Full_Tom_and_Jerry_Shiver_Me_Whiskers_2006_HD/chunk_252 0 10
/home/fathinah.izzati/TJ/filtered/Full_Tom_and_Jerry_Shiver_Me_Whiskers_2006_HD/chunk_253 0 10
/home/fathinah.izzati/TJ/filtered/Full_Tom_and_Jerry_Shiver_Me_Whiskers_2006_HD/chunk_254 0 10
/home/fathinah.izzati/TJ/filtered/Full_Tom_and_Jerry_Shiver_Me_Whiskers_2006_HD/chunk_255 0 10
/home/fathinah.izzati/TJ/filtered/Full_Tom_and_Jerry_Shiver_Me_Whiskers_2006_HD/chunk_256 0 10
/home/fathinah.izzati/TJ/filtered/Full_Tom_and_Jerry_Shiver_Me_Whiskers_2006_HD/chunk_257 0 10
/home/fathinah.izzati/TJ/filtered/Full_Tom_and_Jerry_Shiver_Me_Whiskers_2006_HD/chunk_258 0 10
/home/fathinah.izzati/TJ/filtered/Full_Tom_and_Jerry_Shiver_Me_Whiskers_2006_HD/chunk_259 0 10
/home/fathinah.izzati/TJ/filtered/Full_Tom_and_Jerry_Shiver_Me_Whiskers_2006_HD/chunk_260 0 10
/home/fathinah.izzati/TJ/filtered/Full_Tom_and_Jerry_Shiver_Me_Whiskers_2006_HD/chunk_261 0 10
/home/fathinah.izzati/TJ/filtered/Full_Tom_and_Jerry_Shiver_Me_Whiskers_2006_HD/chunk_262 0 10
/home/fathinah.izzati/TJ/filtered/Full_Tom_and_Jerry_Shiver_Me_Whiskers_2006_HD/chunk_263 0 10
/home/fathinah.izzati/TJ/filtered/Full_Tom_and_Jerry_Shiver_Me_Whiskers_2006_HD/chunk_264 0 10
/home/fathinah.izzati/TJ/filtered/Full_Tom_and_Jerry_Shiver_Me_Whiskers_2006_HD/chunk_265 0 10
/home/fathinah.izzati/TJ/filtered/Full_Tom_and_Jerry_Shiver_Me_Whiskers_2006_HD/chunk_266 0 10
/home/fathinah.izzati/TJ/filtered/Full_Tom_and_Jerry_Shiver_Me_Whiskers_2006_HD/chunk_267 0 10
/home/fathinah.izzati/TJ/filtered/Full_Tom_and_Jerry_Shiver_Me_Whiskers_2006_HD/chunk_268 0 10
/home/fathinah.izzati/TJ/filtered/Full_Tom_and_Jerry_Shiver_Me_Whiskers_2006_HD/chunk_269 0 10
/home/fathinah.izzati/TJ/filtered/Full_Tom_and_Jerry_Shiver_Me_Whiskers_2006_HD/chunk_270 0 10
/home/fathinah.izzati/TJ/filtered/Full_Tom_and_Jerry_Shiver_Me_Whiskers_2006_HD/chunk_271 0 10
/home/fathinah.izzati/TJ/filtered/Full_Tom_and_Jerry_Shiver_Me_Whiskers_2006_HD/chunk_272 0 10
/home/fathinah.izzati/TJ/filtered/Full_Tom_and_Jerry_Shiver_Me_Whiskers_2006_HD/chunk_273 0 10
/home/fathinah.izzati/TJ/filtered/Full_Tom_and_Jerry_Shiver_Me_Whiskers_2006_HD/chunk_274 0 10
/home/fathinah.izzati/TJ/filtered/Full_Tom_and_Jerry_Shiver_Me_Whiskers_2006_HD/chunk_275 0 10
/home/fathinah.izzati/TJ/filtered/Full_Tom_and_Jerry_Shiver_Me_Whiskers_2006_HD/chunk_276 0 10
/home/fathinah.izzati/TJ/filtered/Full_Tom_and_Jerry_Shiver_Me_Whiskers_2006_HD/chunk_277 0 10
/home/fathinah.izzati/TJ/filtered/Full_Tom_and_Jerry_Shiver_Me_Whiskers_2006_HD/chunk_278 0 10
/home/fathinah.izzati/TJ/filtered/Full_Tom_and_Jerry_Shiver_Me_Whiskers_2006_HD/chunk_279 0 10
/home/fathinah.izzati/TJ/filtered/Full_Tom_and_Jerry_Shiver_Me_Whiskers_2006_HD/chunk_280 0 10
/home/fathinah.izzati/TJ/filtered/Full_Tom_and_Jerry_Shiver_Me_Whiskers_2006_HD/chunk_281 0 10
/home/fathinah.izzati/TJ/filtered/Full_Tom_and_Jerry_Shiver_Me_Whiskers_2006_HD/chunk_282 0 10
/home/fathinah.izzati/TJ/filtered/Full_Tom_and_Jerry_Shiver_Me_Whiskers_2006_HD/chunk_283 0 10
/home/fathinah.izzati/TJ/filtered/Full_Tom_and_Jerry_Shiver_Me_Whiskers_2006_HD/chunk_284 0 10
/home/fathinah.izzati/TJ/filtered/Full_Tom_and_Jerry_Shiver_Me_Whiskers_2006_HD/chunk_285 0 10
/home/fathinah.izzati/TJ/filtered/Full_Tom_and_Jerry_Shiver_Me_Whiskers_2006_HD/chunk_286 0 10
/home/fathinah.izzati/TJ/filtered/Full_Tom_and_Jerry_Shiver_Me_Whiskers_2006_HD/chunk_287 0 10
/home/fathinah.izzati/TJ/filtered/Full_Tom_and_Jerry_Shiver_Me_Whiskers_2006_HD/chunk_288 0 10
/home/fathinah.izzati/TJ/filtered/Full_Tom_and_Jerry_Shiver_Me_Whiskers_2006_HD/chunk_289 0 10
/home/fathinah.izzati/TJ/filtered/Full_Tom_and_Jerry_Shiver_Me_Whiskers_2006_HD/chunk_290 0 10
/home/fathinah.izzati/TJ/filtered/Full_Tom_and_Jerry_Shiver_Me_Whiskers_2006_HD/chunk_291 0 10
/home/fathinah.izzati/TJ/filtered/Full_Tom_and_Jerry_Shiver_Me_Whiskers_2006_HD/chunk_292 0 10
/home/fathinah.izzati/TJ/filtered/Full_Tom_and_Jerry_Shiver_Me_Whiskers_2006_HD/chunk_293 0 10
/home/fathinah.izzati/TJ/filtered/Full_Tom_and_Jerry_Shiver_Me_Whiskers_2006_HD/chunk_294 0 10
/home/fathinah.izzati/TJ/filtered/Full_Tom_and_Jerry_Shiver_Me_Whiskers_2006_HD/chunk_295 0 10
/home/fathinah.izzati/TJ/filtered/Full_Tom_and_Jerry_Shiver_Me_Whiskers_2006_HD/chunk_296 0 10
/home/fathinah.izzati/TJ/filtered/Full_Tom_and_Jerry_Shiver_Me_Whiskers_2006_HD/chunk_297 0 10
/home/fathinah.izzati/TJ/filtered/Full_Tom_and_Jerry_Shiver_Me_Whiskers_2006_HD/chunk_298 0 10
/home/fathinah.izzati/TJ/filtered/Full_Tom_and_Jerry_Shiver_Me_Whiskers_2006_HD/chunk_299 0 10
/home/fathinah.izzati/TJ/filtered/Full_Tom_and_Jerry_Shiver_Me_Whiskers_2006_HD/chunk_300 0 10
/home/fathinah.izzati/TJ/filtered/Full_Tom_and_Jerry_Shiver_Me_Whiskers_2006_HD/chunk_301 0 10
/home/fathinah.izzati/TJ/filtered/Full_Tom_and_Jerry_Shiver_Me_Whiskers_2006_HD/chunk_302 0 10
/home/fathinah.izzati/TJ/filtered/Full_Tom_and_Jerry_Shiver_Me_Whiskers_2006_HD/chunk_303 0 10
/home/fathinah.izzati/TJ/filtered/Full_Tom_and_Jerry_Shiver_Me_Whiskers_2006_HD/chunk_304 0 10
/home/fathinah.izzati/TJ/filtered/Full_Tom_and_Jerry_Shiver_Me_Whiskers_2006_HD/chunk_305 0 10
/home/fathinah.izzati/TJ/filtered/Full_Tom_and_Jerry_Shiver_Me_Whiskers_2006_HD/chunk_306 0 10
/home/fathinah.izzati/TJ/filtered/Full_Tom_and_Jerry_Shiver_Me_Whiskers_2006_HD/chunk_307 0 10
/home/fathinah.izzati/TJ/filtered/Full_Tom_and_Jerry_Shiver_Me_Whiskers_2006_HD/chunk_308 0 10
/home/fathinah.izzati/TJ/filtered/Full_Tom_and_Jerry_Shiver_Me_Whiskers_2006_HD/chunk_309 0 10
/home/fathinah.izzati/TJ/filtered/Full_Tom_and_Jerry_Shiver_Me_Whiskers_2006_HD/chunk_327 0 10
