/l/users/fathinah.izzati/tnj_0x/raft2/33.mp4_ProudPeacock_2025-02-21T11-20-03_clip2.pt /l/users/fathinah.izzati/tnj_0x/audio_chunks_rvq_12800hz/33_clip2.npy
/l/users/fathinah.izzati/tnj_0x/raft2/23.mp4_ProudPeacock_2025-02-27T18-07-33_clip10.pt /l/users/fathinah.izzati/tnj_0x/audio_chunks_rvq_12800hz/23_clip10.npy
/l/users/fathinah.izzati/tnj_0x/raft2/93.mp4_EnergeticMonkey_2025-03-01T10-31-44_clip2.pt /l/users/fathinah.izzati/tnj_0x/audio_chunks_rvq_12800hz/93_clip2.npy
/l/users/fathinah.izzati/tnj_0x/raft2/87.mp4_ProudPeacock_2025-02-28T11-22-30_clip5.pt /l/users/fathinah.izzati/tnj_0x/audio_chunks_rvq_12800hz/87_clip5.npy
/l/users/fathinah.izzati/tnj_0x/raft2/12.mp4_ProudPeacock_2025-02-27T12-42-10_clip2.pt /l/users/fathinah.izzati/tnj_0x/audio_chunks_rvq_12800hz/12_clip2.npy
/l/users/fathinah.izzati/tnj_0x/raft2/67.mp4_LuckyGoose_2025-02-16T07-08-58_clip9.pt /l/users/fathinah.izzati/tnj_0x/audio_chunks_rvq_12800hz/67_clip9.npy
/l/users/fathinah.izzati/tnj_0x/raft2/7.mp4_LivelyShark_2025-02-15T15-47-45_clip2.pt /l/users/fathinah.izzati/tnj_0x/audio_chunks_rvq_12800hz/7_clip2.npy
/l/users/fathinah.izzati/tnj_0x/raft2/20.mp4_ProudPeacock_2025-02-26T09-54-39_clip8.pt /l/users/fathinah.izzati/tnj_0x/audio_chunks_rvq_12800hz/20_clip8.npy
/l/users/fathinah.izzati/tnj_0x/raft2/62.mp4_ProudPeacock_2025-02-28T11-57-02_clip3.pt /l/users/fathinah.izzati/tnj_0x/audio_chunks_rvq_12800hz/62_clip3.npy
/l/users/fathinah.izzati/tnj_0x/raft2/6.mp4_ProudPeacock_2025-02-28T12-28-18_clip3.pt /l/users/fathinah.izzati/tnj_0x/audio_chunks_rvq_12800hz/6_clip3.npy
/l/users/fathinah.izzati/tnj_0x/raft2/31.mp4_ProudPeacock_2025-02-20T17-43-41_clip7.pt /l/users/fathinah.izzati/tnj_0x/audio_chunks_rvq_12800hz/31_clip7.npy
/l/users/fathinah.izzati/tnj_0x/raft2/39.mp4_ProudPeacock_2025-02-26T09-48-18_clip8.pt /l/users/fathinah.izzati/tnj_0x/audio_chunks_rvq_12800hz/39_clip8.npy
/l/users/fathinah.izzati/tnj_0x/raft2/76.mp4_EagerRabbit_2025-03-01T04-38-20_clip8.pt /l/users/fathinah.izzati/tnj_0x/audio_chunks_rvq_12800hz/76_clip8.npy
/l/users/fathinah.izzati/tnj_0x/raft2/79.mp4_HumbleFox_2025-02-21T21-36-37_clip5.pt /l/users/fathinah.izzati/tnj_0x/audio_chunks_rvq_12800hz/79_clip5.npy
/l/users/fathinah.izzati/tnj_0x/raft2/19.mp4_ProudPeacock_2025-02-27T18-15-24_clip5.pt /l/users/fathinah.izzati/tnj_0x/audio_chunks_rvq_12800hz/19_clip5.npy
/l/users/fathinah.izzati/tnj_0x/raft2/69.mp4_ProudPeacock_2025-02-26T09-44-00_clip8.pt /l/users/fathinah.izzati/tnj_0x/audio_chunks_rvq_12800hz/69_clip8.npy
/l/users/fathinah.izzati/tnj_0x/raft2/89.mp4_NiceMonkey_2025-03-01T05-49-55_clip9.pt /l/users/fathinah.izzati/tnj_0x/audio_chunks_rvq_12800hz/89_clip9.npy
/l/users/fathinah.izzati/tnj_0x/raft2/50.mp4_ProudPeacock_2025-02-26T10-51-16_clip6.pt /l/users/fathinah.izzati/tnj_0x/audio_chunks_rvq_12800hz/50_clip6.npy
/l/users/fathinah.izzati/tnj_0x/raft2/43.mp4_ProudPeacock_2025-02-27T17-57-22_clip1.pt /l/users/fathinah.izzati/tnj_0x/audio_chunks_rvq_12800hz/43_clip1.npy
/l/users/fathinah.izzati/tnj_0x/raft2/91.mp4_ProudPeacock_2025-02-28T11-31-57_clip2.pt /l/users/fathinah.izzati/tnj_0x/audio_chunks_rvq_12800hz/91_clip2.npy
/l/users/fathinah.izzati/tnj_0x/raft2/23.mp4_ProudPeacock_2025-02-27T18-07-33_clip3.pt /l/users/fathinah.izzati/tnj_0x/audio_chunks_rvq_12800hz/23_clip3.npy
/l/users/fathinah.izzati/tnj_0x/raft2/4.mp4_ProudPeacock_2025-02-28T12-21-34_clip2.pt /l/users/fathinah.izzati/tnj_0x/audio_chunks_rvq_12800hz/4_clip2.npy
/l/users/fathinah.izzati/tnj_0x/raft2/81.mp4_EagerRabbit_2025-03-01T04-52-32_clip7.pt /l/users/fathinah.izzati/tnj_0x/audio_chunks_rvq_12800hz/81_clip7.npy
/l/users/fathinah.izzati/tnj_0x/raft2/56.mp4_EagerRabbit_2025-03-01T05-12-36_clip5.pt /l/users/fathinah.izzati/tnj_0x/audio_chunks_rvq_12800hz/56_clip5.npy
/l/users/fathinah.izzati/tnj_0x/raft2/66.mp4_EagerRabbit_2025-03-01T05-20-21_clip4.pt /l/users/fathinah.izzati/tnj_0x/audio_chunks_rvq_12800hz/66_clip4.npy
/l/users/fathinah.izzati/tnj_0x/raft2/67.mp4_ProudPeacock_2025-02-27T18-25-47_clip1.pt /l/users/fathinah.izzati/tnj_0x/audio_chunks_rvq_12800hz/67_clip1.npy
/l/users/fathinah.izzati/tnj_0x/raft2/40.mp4_ProudPeacock_2025-02-28T11-37-32_clip5.pt /l/users/fathinah.izzati/tnj_0x/audio_chunks_rvq_12800hz/40_clip5.npy
/l/users/fathinah.izzati/tnj_0x/raft2/78.mp4_ProudPeacock_2025-02-28T11-46-52_clip5.pt /l/users/fathinah.izzati/tnj_0x/audio_chunks_rvq_12800hz/78_clip5.npy
/l/users/fathinah.izzati/tnj_0x/raft2/67.mp4_LuckyGoose_2025-02-16T07-08-58_clip12.pt /l/users/fathinah.izzati/tnj_0x/audio_chunks_rvq_12800hz/67_clip12.npy
/l/users/fathinah.izzati/tnj_0x/raft2/66.mp4_GracefulPeacock_2025-02-28T17-05-36_clip6.pt /l/users/fathinah.izzati/tnj_0x/audio_chunks_rvq_12800hz/66_clip6.npy
/l/users/fathinah.izzati/tnj_0x/raft2/74.mp4_ProudPeacock_2025-02-26T10-40-52_clip1.pt /l/users/fathinah.izzati/tnj_0x/audio_chunks_rvq_12800hz/74_clip1.npy
/l/users/fathinah.izzati/tnj_0x/raft2/91.mp4_InventiveDolphin_2025-02-14T23-00-35_clip3.pt /l/users/fathinah.izzati/tnj_0x/audio_chunks_rvq_12800hz/91_clip3.npy
/l/users/fathinah.izzati/tnj_0x/raft2/37.mp4_ProudPeacock_2025-02-27T12-25-17_clip5.pt /l/users/fathinah.izzati/tnj_0x/audio_chunks_rvq_12800hz/37_clip5.npy
/l/users/fathinah.izzati/tnj_0x/raft2/93.mp4_ProudPeacock_2025-02-28T12-04-45_clip2.pt /l/users/fathinah.izzati/tnj_0x/audio_chunks_rvq_12800hz/93_clip2.npy
/l/users/fathinah.izzati/tnj_0x/raft2/79.mp4_ProudPeacock_2025-02-27T18-37-59_clip7.pt /l/users/fathinah.izzati/tnj_0x/audio_chunks_rvq_12800hz/79_clip7.npy
/l/users/fathinah.izzati/tnj_0x/raft2/67.mp4_LuckyGoose_2025-02-16T07-08-58_clip13.pt /l/users/fathinah.izzati/tnj_0x/audio_chunks_rvq_12800hz/67_clip13.npy
/l/users/fathinah.izzati/tnj_0x/raft2/69.mp4_ProudPeacock_2025-02-26T09-44-00_clip10.pt /l/users/fathinah.izzati/tnj_0x/audio_chunks_rvq_12800hz/69_clip10.npy
/l/users/fathinah.izzati/tnj_0x/raft2/40.mp4_ProudPeacock_2025-02-28T11-37-32_clip4.pt /l/users/fathinah.izzati/tnj_0x/audio_chunks_rvq_12800hz/40_clip4.npy
/l/users/fathinah.izzati/tnj_0x/raft2/78.mp4_ProudPeacock_2025-02-28T11-46-52_clip4.pt /l/users/fathinah.izzati/tnj_0x/audio_chunks_rvq_12800hz/78_clip4.npy
/l/users/fathinah.izzati/tnj_0x/raft2/79.mp4_ProudPeacock_2025-02-27T18-37-59_clip6.pt /l/users/fathinah.izzati/tnj_0x/audio_chunks_rvq_12800hz/79_clip6.npy
/l/users/fathinah.izzati/tnj_0x/raft2/93.mp4_ProudPeacock_2025-02-28T12-04-45_clip3.pt /l/users/fathinah.izzati/tnj_0x/audio_chunks_rvq_12800hz/93_clip3.npy
/l/users/fathinah.izzati/tnj_0x/raft2/37.mp4_ProudPeacock_2025-02-27T12-25-17_clip4.pt /l/users/fathinah.izzati/tnj_0x/audio_chunks_rvq_12800hz/37_clip4.npy
/l/users/fathinah.izzati/tnj_0x/raft2/91.mp4_InventiveDolphin_2025-02-14T23-00-35_clip2.pt /l/users/fathinah.izzati/tnj_0x/audio_chunks_rvq_12800hz/91_clip2.npy
/l/users/fathinah.izzati/tnj_0x/raft2/66.mp4_GracefulPeacock_2025-02-28T17-05-36_clip7.pt /l/users/fathinah.izzati/tnj_0x/audio_chunks_rvq_12800hz/66_clip7.npy
/l/users/fathinah.izzati/tnj_0x/raft2/81.mp4_EagerRabbit_2025-03-01T04-52-32_clip6.pt /l/users/fathinah.izzati/tnj_0x/audio_chunks_rvq_12800hz/81_clip6.npy
/l/users/fathinah.izzati/tnj_0x/raft2/4.mp4_ProudPeacock_2025-02-28T12-21-34_clip3.pt /l/users/fathinah.izzati/tnj_0x/audio_chunks_rvq_12800hz/4_clip3.npy
/l/users/fathinah.izzati/tnj_0x/raft2/23.mp4_ProudPeacock_2025-02-27T18-07-33_clip2.pt /l/users/fathinah.izzati/tnj_0x/audio_chunks_rvq_12800hz/23_clip2.npy
/l/users/fathinah.izzati/tnj_0x/raft2/66.mp4_EagerRabbit_2025-03-01T05-20-21_clip5.pt /l/users/fathinah.izzati/tnj_0x/audio_chunks_rvq_12800hz/66_clip5.npy
/l/users/fathinah.izzati/tnj_0x/raft2/39.mp4_ProudPeacock_2025-02-26T09-48-18_clip10.pt /l/users/fathinah.izzati/tnj_0x/audio_chunks_rvq_12800hz/39_clip10.npy
/l/users/fathinah.izzati/tnj_0x/raft2/42.mp4_ProudPeacock_2025-02-27T12-50-47_clip10.pt /l/users/fathinah.izzati/tnj_0x/audio_chunks_rvq_12800hz/42_clip10.npy
/l/users/fathinah.izzati/tnj_0x/raft2/56.mp4_EagerRabbit_2025-03-01T05-12-36_clip4.pt /l/users/fathinah.izzati/tnj_0x/audio_chunks_rvq_12800hz/56_clip4.npy
/l/users/fathinah.izzati/tnj_0x/raft2/78.mp4_ProudPeacock_2025-02-28T11-46-52_clip12.pt /l/users/fathinah.izzati/tnj_0x/audio_chunks_rvq_12800hz/78_clip12.npy
/l/users/fathinah.izzati/tnj_0x/raft2/89.mp4_NiceMonkey_2025-03-01T05-49-55_clip8.pt /l/users/fathinah.izzati/tnj_0x/audio_chunks_rvq_12800hz/89_clip8.npy
/l/users/fathinah.izzati/tnj_0x/raft2/69.mp4_ProudPeacock_2025-02-26T09-44-00_clip9.pt /l/users/fathinah.izzati/tnj_0x/audio_chunks_rvq_12800hz/69_clip9.npy
/l/users/fathinah.izzati/tnj_0x/raft2/19.mp4_ProudPeacock_2025-02-27T18-15-24_clip4.pt /l/users/fathinah.izzati/tnj_0x/audio_chunks_rvq_12800hz/19_clip4.npy
/l/users/fathinah.izzati/tnj_0x/raft2/79.mp4_HumbleFox_2025-02-21T21-36-37_clip4.pt /l/users/fathinah.izzati/tnj_0x/audio_chunks_rvq_12800hz/79_clip4.npy
/l/users/fathinah.izzati/tnj_0x/raft2/39.mp4_ProudPeacock_2025-02-26T09-48-18_clip9.pt /l/users/fathinah.izzati/tnj_0x/audio_chunks_rvq_12800hz/39_clip9.npy
/l/users/fathinah.izzati/tnj_0x/raft2/76.mp4_EagerRabbit_2025-03-01T04-38-20_clip9.pt /l/users/fathinah.izzati/tnj_0x/audio_chunks_rvq_12800hz/76_clip9.npy
/l/users/fathinah.izzati/tnj_0x/raft2/31.mp4_ProudPeacock_2025-02-20T17-43-41_clip6.pt /l/users/fathinah.izzati/tnj_0x/audio_chunks_rvq_12800hz/31_clip6.npy
/l/users/fathinah.izzati/tnj_0x/raft2/93.mp4_ProudPeacock_2025-02-28T12-04-45_clip12.pt /l/users/fathinah.izzati/tnj_0x/audio_chunks_rvq_12800hz/93_clip12.npy
/l/users/fathinah.izzati/tnj_0x/raft2/6.mp4_ProudPeacock_2025-02-28T12-28-18_clip2.pt /l/users/fathinah.izzati/tnj_0x/audio_chunks_rvq_12800hz/6_clip2.npy
/l/users/fathinah.izzati/tnj_0x/raft2/91.mp4_ProudPeacock_2025-02-28T11-31-57_clip3.pt /l/users/fathinah.izzati/tnj_0x/audio_chunks_rvq_12800hz/91_clip3.npy
/l/users/fathinah.izzati/tnj_0x/raft2/50.mp4_ProudPeacock_2025-02-26T10-51-16_clip7.pt /l/users/fathinah.izzati/tnj_0x/audio_chunks_rvq_12800hz/50_clip7.npy
/l/users/fathinah.izzati/tnj_0x/raft2/12.mp4_ProudPeacock_2025-02-27T12-42-10_clip3.pt /l/users/fathinah.izzati/tnj_0x/audio_chunks_rvq_12800hz/12_clip3.npy
/l/users/fathinah.izzati/tnj_0x/raft2/76.mp4_EnergeticMonkey_2025-02-13T12-22-49_clip1.pt /l/users/fathinah.izzati/tnj_0x/audio_chunks_rvq_12800hz/76_clip1.npy
/l/users/fathinah.izzati/tnj_0x/raft2/87.mp4_ProudPeacock_2025-02-28T11-22-30_clip4.pt /l/users/fathinah.izzati/tnj_0x/audio_chunks_rvq_12800hz/87_clip4.npy
/l/users/fathinah.izzati/tnj_0x/raft2/93.mp4_EnergeticMonkey_2025-03-01T10-31-44_clip3.pt /l/users/fathinah.izzati/tnj_0x/audio_chunks_rvq_12800hz/93_clip3.npy
/l/users/fathinah.izzati/tnj_0x/raft2/18.mp4_BraveCheetah_2025-02-27T14-43-19_clip1.pt /l/users/fathinah.izzati/tnj_0x/audio_chunks_rvq_12800hz/18_clip1.npy
/l/users/fathinah.izzati/tnj_0x/raft2/37.mp4_ProudPeacock_2025-02-21T11-40-29_clip1.pt /l/users/fathinah.izzati/tnj_0x/audio_chunks_rvq_12800hz/37_clip1.npy
/l/users/fathinah.izzati/tnj_0x/raft2/33.mp4_ProudPeacock_2025-02-21T11-20-03_clip3.pt /l/users/fathinah.izzati/tnj_0x/audio_chunks_rvq_12800hz/33_clip3.npy
/l/users/fathinah.izzati/tnj_0x/raft2/62.mp4_ProudPeacock_2025-02-28T11-57-02_clip2.pt /l/users/fathinah.izzati/tnj_0x/audio_chunks_rvq_12800hz/62_clip2.npy
/l/users/fathinah.izzati/tnj_0x/raft2/20.mp4_ProudPeacock_2025-02-26T09-54-39_clip9.pt /l/users/fathinah.izzati/tnj_0x/audio_chunks_rvq_12800hz/20_clip9.npy
/l/users/fathinah.izzati/tnj_0x/raft2/7.mp4_LivelyShark_2025-02-15T15-47-45_clip3.pt /l/users/fathinah.izzati/tnj_0x/audio_chunks_rvq_12800hz/7_clip3.npy
/l/users/fathinah.izzati/tnj_0x/raft2/67.mp4_LuckyGoose_2025-02-16T07-08-58_clip8.pt /l/users/fathinah.izzati/tnj_0x/audio_chunks_rvq_12800hz/67_clip8.npy
/l/users/fathinah.izzati/tnj_0x/raft2/50.mp4_ProudPeacock_2025-02-26T10-51-16_clip5.pt /l/users/fathinah.izzati/tnj_0x/audio_chunks_rvq_12800hz/50_clip5.npy
/l/users/fathinah.izzati/tnj_0x/raft2/66.mp4_EagerRabbit_2025-03-01T05-20-21_clip10.pt /l/users/fathinah.izzati/tnj_0x/audio_chunks_rvq_12800hz/66_clip10.npy
/l/users/fathinah.izzati/tnj_0x/raft2/43.mp4_ProudPeacock_2025-02-27T17-57-22_clip2.pt /l/users/fathinah.izzati/tnj_0x/audio_chunks_rvq_12800hz/43_clip2.npy
/l/users/fathinah.izzati/tnj_0x/raft2/91.mp4_ProudPeacock_2025-02-28T11-31-57_clip1.pt /l/users/fathinah.izzati/tnj_0x/audio_chunks_rvq_12800hz/91_clip1.npy
/l/users/fathinah.izzati/tnj_0x/raft2/31.mp4_ProudPeacock_2025-02-20T17-43-41_clip4.pt /l/users/fathinah.izzati/tnj_0x/audio_chunks_rvq_12800hz/31_clip4.npy
/l/users/fathinah.izzati/tnj_0x/raft2/93.mp4_ProudPeacock_2025-02-28T12-04-45_clip10.pt /l/users/fathinah.izzati/tnj_0x/audio_chunks_rvq_12800hz/93_clip10.npy
/l/users/fathinah.izzati/tnj_0x/raft2/42.mp4_ProudPeacock_2025-02-27T12-50-47_clip8.pt /l/users/fathinah.izzati/tnj_0x/audio_chunks_rvq_12800hz/42_clip8.npy
/l/users/fathinah.izzati/tnj_0x/raft2/79.mp4_HumbleFox_2025-02-21T21-36-37_clip6.pt /l/users/fathinah.izzati/tnj_0x/audio_chunks_rvq_12800hz/79_clip6.npy
/l/users/fathinah.izzati/tnj_0x/raft2/85.mp4_ProudPeacock_2025-02-26T11-17-31_clip8.pt /l/users/fathinah.izzati/tnj_0x/audio_chunks_rvq_12800hz/85_clip8.npy
/l/users/fathinah.izzati/tnj_0x/raft2/19.mp4_ProudPeacock_2025-02-27T18-15-24_clip6.pt /l/users/fathinah.izzati/tnj_0x/audio_chunks_rvq_12800hz/19_clip6.npy
/l/users/fathinah.izzati/tnj_0x/raft2/26.mp4_ProudPeacock_2025-02-27T13-28-39_clip9.pt /l/users/fathinah.izzati/tnj_0x/audio_chunks_rvq_12800hz/26_clip9.npy
/l/users/fathinah.izzati/tnj_0x/raft2/7.mp4_LivelyShark_2025-02-15T15-47-45_clip1.pt /l/users/fathinah.izzati/tnj_0x/audio_chunks_rvq_12800hz/7_clip1.npy
/l/users/fathinah.izzati/tnj_0x/raft2/33.mp4_ProudPeacock_2025-02-21T11-20-03_clip1.pt /l/users/fathinah.izzati/tnj_0x/audio_chunks_rvq_12800hz/33_clip1.npy
/l/users/fathinah.izzati/tnj_0x/raft2/37.mp4_ProudPeacock_2025-02-21T11-40-29_clip3.pt /l/users/fathinah.izzati/tnj_0x/audio_chunks_rvq_12800hz/37_clip3.npy
/l/users/fathinah.izzati/tnj_0x/raft2/18.mp4_BraveCheetah_2025-02-27T14-43-19_clip3.pt /l/users/fathinah.izzati/tnj_0x/audio_chunks_rvq_12800hz/18_clip3.npy
/l/users/fathinah.izzati/tnj_0x/raft2/93.mp4_EnergeticMonkey_2025-03-01T10-31-44_clip1.pt /l/users/fathinah.izzati/tnj_0x/audio_chunks_rvq_12800hz/93_clip1.npy
/l/users/fathinah.izzati/tnj_0x/raft2/76.mp4_EnergeticMonkey_2025-02-13T12-22-49_clip3.pt /l/users/fathinah.izzati/tnj_0x/audio_chunks_rvq_12800hz/76_clip3.npy
/l/users/fathinah.izzati/tnj_0x/raft2/87.mp4_ProudPeacock_2025-02-28T11-22-30_clip6.pt /l/users/fathinah.izzati/tnj_0x/audio_chunks_rvq_12800hz/87_clip6.npy
/l/users/fathinah.izzati/tnj_0x/raft2/12.mp4_ProudPeacock_2025-02-27T12-42-10_clip1.pt /l/users/fathinah.izzati/tnj_0x/audio_chunks_rvq_12800hz/12_clip1.npy
/l/users/fathinah.izzati/tnj_0x/raft2/66.mp4_GracefulPeacock_2025-02-28T17-05-36_clip5.pt /l/users/fathinah.izzati/tnj_0x/audio_chunks_rvq_12800hz/66_clip5.npy
/l/users/fathinah.izzati/tnj_0x/raft2/74.mp4_ProudPeacock_2025-02-26T10-40-52_clip2.pt /l/users/fathinah.izzati/tnj_0x/audio_chunks_rvq_12800hz/74_clip2.npy
/l/users/fathinah.izzati/tnj_0x/raft2/82.mp4_ProudPeacock_2025-02-26T11-06-58_clip9.pt /l/users/fathinah.izzati/tnj_0x/audio_chunks_rvq_12800hz/82_clip9.npy
/l/users/fathinah.izzati/tnj_0x/raft2/37.mp4_ProudPeacock_2025-02-27T12-25-17_clip6.pt /l/users/fathinah.izzati/tnj_0x/audio_chunks_rvq_12800hz/37_clip6.npy
/l/users/fathinah.izzati/tnj_0x/raft2/93.mp4_ProudPeacock_2025-02-28T12-04-45_clip1.pt /l/users/fathinah.izzati/tnj_0x/audio_chunks_rvq_12800hz/93_clip1.npy
/l/users/fathinah.izzati/tnj_0x/raft2/79.mp4_ProudPeacock_2025-02-27T18-37-59_clip4.pt /l/users/fathinah.izzati/tnj_0x/audio_chunks_rvq_12800hz/79_clip4.npy
/l/users/fathinah.izzati/tnj_0x/raft2/78.mp4_ProudPeacock_2025-02-28T11-46-52_clip6.pt /l/users/fathinah.izzati/tnj_0x/audio_chunks_rvq_12800hz/78_clip6.npy
/l/users/fathinah.izzati/tnj_0x/raft2/40.mp4_ProudPeacock_2025-02-28T11-37-32_clip6.pt /l/users/fathinah.izzati/tnj_0x/audio_chunks_rvq_12800hz/40_clip6.npy
/l/users/fathinah.izzati/tnj_0x/raft2/67.mp4_LuckyGoose_2025-02-16T07-08-58_clip11.pt /l/users/fathinah.izzati/tnj_0x/audio_chunks_rvq_12800hz/67_clip11.npy
/l/users/fathinah.izzati/tnj_0x/raft2/91.mp4_GracefulPeacock_2025-02-28T17-12-52_clip9.pt /l/users/fathinah.izzati/tnj_0x/audio_chunks_rvq_12800hz/91_clip9.npy
/l/users/fathinah.izzati/tnj_0x/raft2/78.mp4_ProudPeacock_2025-02-28T11-46-52_clip10.pt /l/users/fathinah.izzati/tnj_0x/audio_chunks_rvq_12800hz/78_clip10.npy
/l/users/fathinah.izzati/tnj_0x/raft2/56.mp4_EagerRabbit_2025-03-01T05-12-36_clip6.pt /l/users/fathinah.izzati/tnj_0x/audio_chunks_rvq_12800hz/56_clip6.npy
/l/users/fathinah.izzati/tnj_0x/raft2/67.mp4_ProudPeacock_2025-02-27T18-25-47_clip2.pt /l/users/fathinah.izzati/tnj_0x/audio_chunks_rvq_12800hz/67_clip2.npy
/l/users/fathinah.izzati/tnj_0x/raft2/66.mp4_EagerRabbit_2025-03-01T05-20-21_clip7.pt /l/users/fathinah.izzati/tnj_0x/audio_chunks_rvq_12800hz/66_clip7.npy
/l/users/fathinah.izzati/tnj_0x/raft2/4.mp4_ProudPeacock_2025-02-28T12-21-34_clip1.pt /l/users/fathinah.izzati/tnj_0x/audio_chunks_rvq_12800hz/4_clip1.npy
/l/users/fathinah.izzati/tnj_0x/raft2/81.mp4_EagerRabbit_2025-03-01T04-52-32_clip4.pt /l/users/fathinah.izzati/tnj_0x/audio_chunks_rvq_12800hz/81_clip4.npy
/l/users/fathinah.izzati/tnj_0x/raft2/76.mp4_EagerRabbit_2025-03-01T04-38-20_clip10.pt /l/users/fathinah.izzati/tnj_0x/audio_chunks_rvq_12800hz/76_clip10.npy
/l/users/fathinah.izzati/tnj_0x/raft2/66.mp4_EagerRabbit_2025-03-01T05-20-21_clip6.pt /l/users/fathinah.izzati/tnj_0x/audio_chunks_rvq_12800hz/66_clip6.npy
/l/users/fathinah.izzati/tnj_0x/raft2/67.mp4_ProudPeacock_2025-02-27T18-25-47_clip3.pt /l/users/fathinah.izzati/tnj_0x/audio_chunks_rvq_12800hz/67_clip3.npy
/l/users/fathinah.izzati/tnj_0x/raft2/56.mp4_EagerRabbit_2025-03-01T05-12-36_clip7.pt /l/users/fathinah.izzati/tnj_0x/audio_chunks_rvq_12800hz/56_clip7.npy
/l/users/fathinah.izzati/tnj_0x/raft2/78.mp4_ProudPeacock_2025-02-28T11-46-52_clip11.pt /l/users/fathinah.izzati/tnj_0x/audio_chunks_rvq_12800hz/78_clip11.npy
/l/users/fathinah.izzati/tnj_0x/raft2/81.mp4_EagerRabbit_2025-03-01T04-52-32_clip5.pt /l/users/fathinah.izzati/tnj_0x/audio_chunks_rvq_12800hz/81_clip5.npy
/l/users/fathinah.izzati/tnj_0x/raft2/23.mp4_ProudPeacock_2025-02-27T18-07-33_clip1.pt /l/users/fathinah.izzati/tnj_0x/audio_chunks_rvq_12800hz/23_clip1.npy
/l/users/fathinah.izzati/tnj_0x/raft2/79.mp4_ProudPeacock_2025-02-27T18-37-59_clip5.pt /l/users/fathinah.izzati/tnj_0x/audio_chunks_rvq_12800hz/79_clip5.npy
/l/users/fathinah.izzati/tnj_0x/raft2/37.mp4_ProudPeacock_2025-02-27T12-25-17_clip7.pt /l/users/fathinah.izzati/tnj_0x/audio_chunks_rvq_12800hz/37_clip7.npy
/l/users/fathinah.izzati/tnj_0x/raft2/91.mp4_InventiveDolphin_2025-02-14T23-00-35_clip1.pt /l/users/fathinah.izzati/tnj_0x/audio_chunks_rvq_12800hz/91_clip1.npy
/l/users/fathinah.izzati/tnj_0x/raft2/82.mp4_ProudPeacock_2025-02-26T11-06-58_clip8.pt /l/users/fathinah.izzati/tnj_0x/audio_chunks_rvq_12800hz/82_clip8.npy
/l/users/fathinah.izzati/tnj_0x/raft2/74.mp4_ProudPeacock_2025-02-26T10-40-52_clip3.pt /l/users/fathinah.izzati/tnj_0x/audio_chunks_rvq_12800hz/74_clip3.npy
/l/users/fathinah.izzati/tnj_0x/raft2/66.mp4_GracefulPeacock_2025-02-28T17-05-36_clip4.pt /l/users/fathinah.izzati/tnj_0x/audio_chunks_rvq_12800hz/66_clip4.npy
/l/users/fathinah.izzati/tnj_0x/raft2/91.mp4_GracefulPeacock_2025-02-28T17-12-52_clip8.pt /l/users/fathinah.izzati/tnj_0x/audio_chunks_rvq_12800hz/91_clip8.npy
/l/users/fathinah.izzati/tnj_0x/raft2/67.mp4_LuckyGoose_2025-02-16T07-08-58_clip10.pt /l/users/fathinah.izzati/tnj_0x/audio_chunks_rvq_12800hz/67_clip10.npy
/l/users/fathinah.izzati/tnj_0x/raft2/78.mp4_ProudPeacock_2025-02-28T11-46-52_clip7.pt /l/users/fathinah.izzati/tnj_0x/audio_chunks_rvq_12800hz/78_clip7.npy
/l/users/fathinah.izzati/tnj_0x/raft2/40.mp4_ProudPeacock_2025-02-28T11-37-32_clip7.pt /l/users/fathinah.izzati/tnj_0x/audio_chunks_rvq_12800hz/40_clip7.npy
/l/users/fathinah.izzati/tnj_0x/raft2/62.mp4_ProudPeacock_2025-02-28T11-57-02_clip1.pt /l/users/fathinah.izzati/tnj_0x/audio_chunks_rvq_12800hz/62_clip1.npy
/l/users/fathinah.izzati/tnj_0x/raft2/26.mp4_ProudPeacock_2025-02-27T13-28-39_clip8.pt /l/users/fathinah.izzati/tnj_0x/audio_chunks_rvq_12800hz/26_clip8.npy
/l/users/fathinah.izzati/tnj_0x/raft2/87.mp4_ProudPeacock_2025-02-28T11-22-30_clip7.pt /l/users/fathinah.izzati/tnj_0x/audio_chunks_rvq_12800hz/87_clip7.npy
/l/users/fathinah.izzati/tnj_0x/raft2/76.mp4_EnergeticMonkey_2025-02-13T12-22-49_clip2.pt /l/users/fathinah.izzati/tnj_0x/audio_chunks_rvq_12800hz/76_clip2.npy
/l/users/fathinah.izzati/tnj_0x/raft2/18.mp4_BraveCheetah_2025-02-27T14-43-19_clip2.pt /l/users/fathinah.izzati/tnj_0x/audio_chunks_rvq_12800hz/18_clip2.npy
/l/users/fathinah.izzati/tnj_0x/raft2/37.mp4_ProudPeacock_2025-02-21T11-40-29_clip2.pt /l/users/fathinah.izzati/tnj_0x/audio_chunks_rvq_12800hz/37_clip2.npy
/l/users/fathinah.izzati/tnj_0x/raft2/43.mp4_ProudPeacock_2025-02-27T17-57-22_clip3.pt /l/users/fathinah.izzati/tnj_0x/audio_chunks_rvq_12800hz/43_clip3.npy
/l/users/fathinah.izzati/tnj_0x/raft2/50.mp4_ProudPeacock_2025-02-26T10-51-16_clip4.pt /l/users/fathinah.izzati/tnj_0x/audio_chunks_rvq_12800hz/50_clip4.npy
/l/users/fathinah.izzati/tnj_0x/raft2/19.mp4_ProudPeacock_2025-02-27T18-15-24_clip7.pt /l/users/fathinah.izzati/tnj_0x/audio_chunks_rvq_12800hz/19_clip7.npy
/l/users/fathinah.izzati/tnj_0x/raft2/79.mp4_HumbleFox_2025-02-21T21-36-37_clip7.pt /l/users/fathinah.izzati/tnj_0x/audio_chunks_rvq_12800hz/79_clip7.npy
/l/users/fathinah.izzati/tnj_0x/raft2/42.mp4_ProudPeacock_2025-02-27T12-50-47_clip9.pt /l/users/fathinah.izzati/tnj_0x/audio_chunks_rvq_12800hz/42_clip9.npy
/l/users/fathinah.izzati/tnj_0x/raft2/93.mp4_ProudPeacock_2025-02-28T12-04-45_clip11.pt /l/users/fathinah.izzati/tnj_0x/audio_chunks_rvq_12800hz/93_clip11.npy
/l/users/fathinah.izzati/tnj_0x/raft2/6.mp4_ProudPeacock_2025-02-28T12-28-18_clip1.pt /l/users/fathinah.izzati/tnj_0x/audio_chunks_rvq_12800hz/6_clip1.npy
/l/users/fathinah.izzati/tnj_0x/raft2/31.mp4_ProudPeacock_2025-02-20T17-43-41_clip5.pt /l/users/fathinah.izzati/tnj_0x/audio_chunks_rvq_12800hz/31_clip5.npy
/l/users/fathinah.izzati/tnj_0x/raft2/40.mp4_ProudPeacock_2025-02-28T11-37-32_clip3.pt /l/users/fathinah.izzati/tnj_0x/audio_chunks_rvq_12800hz/40_clip3.npy
/l/users/fathinah.izzati/tnj_0x/raft2/24.mp4_ProudPeacock_2025-02-28T12-10-41_clip9.pt /l/users/fathinah.izzati/tnj_0x/audio_chunks_rvq_12800hz/24_clip9.npy
/l/users/fathinah.izzati/tnj_0x/raft2/78.mp4_ProudPeacock_2025-02-28T11-46-52_clip3.pt /l/users/fathinah.izzati/tnj_0x/audio_chunks_rvq_12800hz/78_clip3.npy
/l/users/fathinah.izzati/tnj_0x/raft2/37.mp4_NiceCheetah_2025-02-21T12-38-50_clip3.pt /l/users/fathinah.izzati/tnj_0x/audio_chunks_rvq_12800hz/37_clip3.npy
/l/users/fathinah.izzati/tnj_0x/raft2/74.mp4_ProudPeacock_2025-02-26T10-40-52_clip7.pt /l/users/fathinah.izzati/tnj_0x/audio_chunks_rvq_12800hz/74_clip7.npy
/l/users/fathinah.izzati/tnj_0x/raft2/37.mp4_ProudPeacock_2025-02-27T12-25-17_clip3.pt /l/users/fathinah.izzati/tnj_0x/audio_chunks_rvq_12800hz/37_clip3.npy
/l/users/fathinah.izzati/tnj_0x/raft2/91.mp4_InventiveDolphin_2025-02-14T23-00-35_clip5.pt /l/users/fathinah.izzati/tnj_0x/audio_chunks_rvq_12800hz/91_clip5.npy
/l/users/fathinah.izzati/tnj_0x/raft2/79.mp4_ProudPeacock_2025-02-27T18-37-59_clip1.pt /l/users/fathinah.izzati/tnj_0x/audio_chunks_rvq_12800hz/79_clip1.npy
/l/users/fathinah.izzati/tnj_0x/raft2/93.mp4_ProudPeacock_2025-02-28T12-04-45_clip4.pt /l/users/fathinah.izzati/tnj_0x/audio_chunks_rvq_12800hz/93_clip4.npy
/l/users/fathinah.izzati/tnj_0x/raft2/23.mp4_ProudPeacock_2025-02-27T18-07-33_clip5.pt /l/users/fathinah.izzati/tnj_0x/audio_chunks_rvq_12800hz/23_clip5.npy
/l/users/fathinah.izzati/tnj_0x/raft2/81.mp4_EagerRabbit_2025-03-01T04-52-32_clip1.pt /l/users/fathinah.izzati/tnj_0x/audio_chunks_rvq_12800hz/81_clip1.npy
/l/users/fathinah.izzati/tnj_0x/raft2/89.mp4_ProudPeacock_2025-02-27T16-42-53_clip10.pt /l/users/fathinah.izzati/tnj_0x/audio_chunks_rvq_12800hz/89_clip10.npy
/l/users/fathinah.izzati/tnj_0x/raft2/4.mp4_ProudPeacock_2025-02-28T12-21-34_clip4.pt /l/users/fathinah.izzati/tnj_0x/audio_chunks_rvq_12800hz/4_clip4.npy
/l/users/fathinah.izzati/tnj_0x/raft2/56.mp4_EagerRabbit_2025-03-01T05-12-36_clip3.pt /l/users/fathinah.izzati/tnj_0x/audio_chunks_rvq_12800hz/56_clip3.npy
/l/users/fathinah.izzati/tnj_0x/raft2/67.mp4_ProudPeacock_2025-02-27T18-25-47_clip7.pt /l/users/fathinah.izzati/tnj_0x/audio_chunks_rvq_12800hz/67_clip7.npy
/l/users/fathinah.izzati/tnj_0x/raft2/66.mp4_EagerRabbit_2025-03-01T05-20-21_clip2.pt /l/users/fathinah.izzati/tnj_0x/audio_chunks_rvq_12800hz/66_clip2.npy
/l/users/fathinah.izzati/tnj_0x/raft2/31.mp4_ProudPeacock_2025-02-20T17-43-41_clip1.pt /l/users/fathinah.izzati/tnj_0x/audio_chunks_rvq_12800hz/31_clip1.npy
/l/users/fathinah.izzati/tnj_0x/raft2/6.mp4_ProudPeacock_2025-02-28T12-28-18_clip5.pt /l/users/fathinah.izzati/tnj_0x/audio_chunks_rvq_12800hz/6_clip5.npy
/l/users/fathinah.izzati/tnj_0x/raft2/79.mp4_HumbleFox_2025-02-21T21-36-37_clip3.pt /l/users/fathinah.izzati/tnj_0x/audio_chunks_rvq_12800hz/79_clip3.npy
/l/users/fathinah.izzati/tnj_0x/raft2/19.mp4_ProudPeacock_2025-02-27T18-15-24_clip3.pt /l/users/fathinah.izzati/tnj_0x/audio_chunks_rvq_12800hz/19_clip3.npy
/l/users/fathinah.izzati/tnj_0x/raft2/5.mp4_EagerRabbit_2025-03-01T04-45-17_clip9.pt /l/users/fathinah.izzati/tnj_0x/audio_chunks_rvq_12800hz/5_clip9.npy
/l/users/fathinah.izzati/tnj_0x/raft2/54.mp4_EnergeticMonkey_2025-03-01T10-26-38_clip8.pt /l/users/fathinah.izzati/tnj_0x/audio_chunks_rvq_12800hz/54_clip8.npy
/l/users/fathinah.izzati/tnj_0x/raft2/43.mp4_ProudPeacock_2025-02-27T17-57-22_clip7.pt /l/users/fathinah.izzati/tnj_0x/audio_chunks_rvq_12800hz/43_clip7.npy
/l/users/fathinah.izzati/tnj_0x/raft2/91.mp4_ProudPeacock_2025-02-28T11-31-57_clip4.pt /l/users/fathinah.izzati/tnj_0x/audio_chunks_rvq_12800hz/91_clip4.npy
/l/users/fathinah.izzati/tnj_0x/raft2/89.mp4_ProudPeacock_2025-02-27T16-42-53_clip9.pt /l/users/fathinah.izzati/tnj_0x/audio_chunks_rvq_12800hz/89_clip9.npy
/l/users/fathinah.izzati/tnj_0x/raft2/37.mp4_ProudPeacock_2025-02-21T11-40-29_clip6.pt /l/users/fathinah.izzati/tnj_0x/audio_chunks_rvq_12800hz/37_clip6.npy
/l/users/fathinah.izzati/tnj_0x/raft2/33.mp4_ProudPeacock_2025-02-21T11-20-03_clip4.pt /l/users/fathinah.izzati/tnj_0x/audio_chunks_rvq_12800hz/33_clip4.npy
/l/users/fathinah.izzati/tnj_0x/raft2/93.mp4_EnergeticMonkey_2025-03-01T10-31-44_clip4.pt /l/users/fathinah.izzati/tnj_0x/audio_chunks_rvq_12800hz/93_clip4.npy
/l/users/fathinah.izzati/tnj_0x/raft2/18.mp4_BraveCheetah_2025-02-27T14-43-19_clip6.pt /l/users/fathinah.izzati/tnj_0x/audio_chunks_rvq_12800hz/18_clip6.npy
/l/users/fathinah.izzati/tnj_0x/raft2/12.mp4_ProudPeacock_2025-02-27T12-42-10_clip4.pt /l/users/fathinah.izzati/tnj_0x/audio_chunks_rvq_12800hz/12_clip4.npy
/l/users/fathinah.izzati/tnj_0x/raft2/76.mp4_EnergeticMonkey_2025-02-13T12-22-49_clip6.pt /l/users/fathinah.izzati/tnj_0x/audio_chunks_rvq_12800hz/76_clip6.npy
/l/users/fathinah.izzati/tnj_0x/raft2/87.mp4_ProudPeacock_2025-02-28T11-22-30_clip3.pt /l/users/fathinah.izzati/tnj_0x/audio_chunks_rvq_12800hz/87_clip3.npy
/l/users/fathinah.izzati/tnj_0x/raft2/7.mp4_LivelyShark_2025-02-15T15-47-45_clip4.pt /l/users/fathinah.izzati/tnj_0x/audio_chunks_rvq_12800hz/7_clip4.npy
/l/users/fathinah.izzati/tnj_0x/raft2/31.mp4_ProudPeacock_2025-02-20T17-43-41_clip11.pt /l/users/fathinah.izzati/tnj_0x/audio_chunks_rvq_12800hz/31_clip11.npy
/l/users/fathinah.izzati/tnj_0x/raft2/72.mp4_NiceCheetah_2025-02-21T12-36-58_clip3.pt /l/users/fathinah.izzati/tnj_0x/audio_chunks_rvq_12800hz/72_clip3.npy
/l/users/fathinah.izzati/tnj_0x/raft2/62.mp4_ProudPeacock_2025-02-28T11-57-02_clip5.pt /l/users/fathinah.izzati/tnj_0x/audio_chunks_rvq_12800hz/62_clip5.npy
/l/users/fathinah.izzati/tnj_0x/raft2/87.mp4_ProudPeacock_2025-02-28T11-22-30_clip2.pt /l/users/fathinah.izzati/tnj_0x/audio_chunks_rvq_12800hz/87_clip2.npy
/l/users/fathinah.izzati/tnj_0x/raft2/76.mp4_EnergeticMonkey_2025-02-13T12-22-49_clip7.pt /l/users/fathinah.izzati/tnj_0x/audio_chunks_rvq_12800hz/76_clip7.npy
/l/users/fathinah.izzati/tnj_0x/raft2/12.mp4_ProudPeacock_2025-02-27T12-42-10_clip5.pt /l/users/fathinah.izzati/tnj_0x/audio_chunks_rvq_12800hz/12_clip5.npy
/l/users/fathinah.izzati/tnj_0x/raft2/93.mp4_EnergeticMonkey_2025-03-01T10-31-44_clip12.pt /l/users/fathinah.izzati/tnj_0x/audio_chunks_rvq_12800hz/93_clip12.npy
/l/users/fathinah.izzati/tnj_0x/raft2/18.mp4_BraveCheetah_2025-02-27T14-43-19_clip7.pt /l/users/fathinah.izzati/tnj_0x/audio_chunks_rvq_12800hz/18_clip7.npy
/l/users/fathinah.izzati/tnj_0x/raft2/93.mp4_EnergeticMonkey_2025-03-01T10-31-44_clip5.pt /l/users/fathinah.izzati/tnj_0x/audio_chunks_rvq_12800hz/93_clip5.npy
/l/users/fathinah.izzati/tnj_0x/raft2/33.mp4_ProudPeacock_2025-02-21T11-20-03_clip5.pt /l/users/fathinah.izzati/tnj_0x/audio_chunks_rvq_12800hz/33_clip5.npy
/l/users/fathinah.izzati/tnj_0x/raft2/89.mp4_ProudPeacock_2025-02-27T16-42-53_clip8.pt /l/users/fathinah.izzati/tnj_0x/audio_chunks_rvq_12800hz/89_clip8.npy
/l/users/fathinah.izzati/tnj_0x/raft2/37.mp4_ProudPeacock_2025-02-21T11-40-29_clip7.pt /l/users/fathinah.izzati/tnj_0x/audio_chunks_rvq_12800hz/37_clip7.npy
/l/users/fathinah.izzati/tnj_0x/raft2/62.mp4_ProudPeacock_2025-02-28T11-57-02_clip4.pt /l/users/fathinah.izzati/tnj_0x/audio_chunks_rvq_12800hz/62_clip4.npy
/l/users/fathinah.izzati/tnj_0x/raft2/72.mp4_NiceCheetah_2025-02-21T12-36-58_clip2.pt /l/users/fathinah.izzati/tnj_0x/audio_chunks_rvq_12800hz/72_clip2.npy
/l/users/fathinah.izzati/tnj_0x/raft2/31.mp4_ProudPeacock_2025-02-20T17-43-41_clip10.pt /l/users/fathinah.izzati/tnj_0x/audio_chunks_rvq_12800hz/31_clip10.npy
/l/users/fathinah.izzati/tnj_0x/raft2/7.mp4_LivelyShark_2025-02-15T15-47-45_clip5.pt /l/users/fathinah.izzati/tnj_0x/audio_chunks_rvq_12800hz/7_clip5.npy
/l/users/fathinah.izzati/tnj_0x/raft2/5.mp4_EagerRabbit_2025-03-01T04-45-17_clip8.pt /l/users/fathinah.izzati/tnj_0x/audio_chunks_rvq_12800hz/5_clip8.npy
/l/users/fathinah.izzati/tnj_0x/raft2/19.mp4_ProudPeacock_2025-02-27T18-15-24_clip2.pt /l/users/fathinah.izzati/tnj_0x/audio_chunks_rvq_12800hz/19_clip2.npy
/l/users/fathinah.izzati/tnj_0x/raft2/79.mp4_HumbleFox_2025-02-21T21-36-37_clip2.pt /l/users/fathinah.izzati/tnj_0x/audio_chunks_rvq_12800hz/79_clip2.npy
/l/users/fathinah.izzati/tnj_0x/raft2/6.mp4_ProudPeacock_2025-02-28T12-28-18_clip4.pt /l/users/fathinah.izzati/tnj_0x/audio_chunks_rvq_12800hz/6_clip4.npy
/l/users/fathinah.izzati/tnj_0x/raft2/91.mp4_ProudPeacock_2025-02-28T11-31-57_clip5.pt /l/users/fathinah.izzati/tnj_0x/audio_chunks_rvq_12800hz/91_clip5.npy
/l/users/fathinah.izzati/tnj_0x/raft2/43.mp4_ProudPeacock_2025-02-27T17-57-22_clip6.pt /l/users/fathinah.izzati/tnj_0x/audio_chunks_rvq_12800hz/43_clip6.npy
/l/users/fathinah.izzati/tnj_0x/raft2/54.mp4_EnergeticMonkey_2025-03-01T10-26-38_clip9.pt /l/users/fathinah.izzati/tnj_0x/audio_chunks_rvq_12800hz/54_clip9.npy
/l/users/fathinah.izzati/tnj_0x/raft2/50.mp4_ProudPeacock_2025-02-26T10-51-16_clip1.pt /l/users/fathinah.izzati/tnj_0x/audio_chunks_rvq_12800hz/50_clip1.npy
/l/users/fathinah.izzati/tnj_0x/raft2/4.mp4_ProudPeacock_2025-02-28T12-21-34_clip5.pt /l/users/fathinah.izzati/tnj_0x/audio_chunks_rvq_12800hz/4_clip5.npy
/l/users/fathinah.izzati/tnj_0x/raft2/89.mp4_ProudPeacock_2025-02-27T16-42-53_clip11.pt /l/users/fathinah.izzati/tnj_0x/audio_chunks_rvq_12800hz/89_clip11.npy
/l/users/fathinah.izzati/tnj_0x/raft2/76.mp4_EnergeticMonkey_2025-02-13T12-22-49_clip10.pt /l/users/fathinah.izzati/tnj_0x/audio_chunks_rvq_12800hz/76_clip10.npy
/l/users/fathinah.izzati/tnj_0x/raft2/23.mp4_ProudPeacock_2025-02-27T18-07-33_clip4.pt /l/users/fathinah.izzati/tnj_0x/audio_chunks_rvq_12800hz/23_clip4.npy
/l/users/fathinah.izzati/tnj_0x/raft2/66.mp4_EagerRabbit_2025-03-01T05-20-21_clip3.pt /l/users/fathinah.izzati/tnj_0x/audio_chunks_rvq_12800hz/66_clip3.npy
/l/users/fathinah.izzati/tnj_0x/raft2/67.mp4_ProudPeacock_2025-02-27T18-25-47_clip6.pt /l/users/fathinah.izzati/tnj_0x/audio_chunks_rvq_12800hz/67_clip6.npy
/l/users/fathinah.izzati/tnj_0x/raft2/56.mp4_EagerRabbit_2025-03-01T05-12-36_clip2.pt /l/users/fathinah.izzati/tnj_0x/audio_chunks_rvq_12800hz/56_clip2.npy
/l/users/fathinah.izzati/tnj_0x/raft2/40.mp4_ProudPeacock_2025-02-28T11-37-32_clip2.pt /l/users/fathinah.izzati/tnj_0x/audio_chunks_rvq_12800hz/40_clip2.npy
/l/users/fathinah.izzati/tnj_0x/raft2/78.mp4_ProudPeacock_2025-02-28T11-46-52_clip2.pt /l/users/fathinah.izzati/tnj_0x/audio_chunks_rvq_12800hz/78_clip2.npy
/l/users/fathinah.izzati/tnj_0x/raft2/24.mp4_ProudPeacock_2025-02-28T12-10-41_clip8.pt /l/users/fathinah.izzati/tnj_0x/audio_chunks_rvq_12800hz/24_clip8.npy
/l/users/fathinah.izzati/tnj_0x/raft2/93.mp4_ProudPeacock_2025-02-28T12-04-45_clip5.pt /l/users/fathinah.izzati/tnj_0x/audio_chunks_rvq_12800hz/93_clip5.npy
/l/users/fathinah.izzati/tnj_0x/raft2/91.mp4_InventiveDolphin_2025-02-14T23-00-35_clip4.pt /l/users/fathinah.izzati/tnj_0x/audio_chunks_rvq_12800hz/91_clip4.npy
/l/users/fathinah.izzati/tnj_0x/raft2/37.mp4_ProudPeacock_2025-02-27T12-25-17_clip2.pt /l/users/fathinah.izzati/tnj_0x/audio_chunks_rvq_12800hz/37_clip2.npy
/l/users/fathinah.izzati/tnj_0x/raft2/37.mp4_NiceCheetah_2025-02-21T12-38-50_clip2.pt /l/users/fathinah.izzati/tnj_0x/audio_chunks_rvq_12800hz/37_clip2.npy
/l/users/fathinah.izzati/tnj_0x/raft2/74.mp4_ProudPeacock_2025-02-26T10-40-52_clip6.pt /l/users/fathinah.izzati/tnj_0x/audio_chunks_rvq_12800hz/74_clip6.npy
/l/users/fathinah.izzati/tnj_0x/raft2/66.mp4_GracefulPeacock_2025-02-28T17-05-36_clip1.pt /l/users/fathinah.izzati/tnj_0x/audio_chunks_rvq_12800hz/66_clip1.npy
/l/users/fathinah.izzati/tnj_0x/raft2/66.mp4_EagerRabbit_2025-03-01T05-20-21_clip1.pt /l/users/fathinah.izzati/tnj_0x/audio_chunks_rvq_12800hz/66_clip1.npy
/l/users/fathinah.izzati/tnj_0x/raft2/45.mp4_ProudPeacock_2025-02-21T11-30-06_clip9.pt /l/users/fathinah.izzati/tnj_0x/audio_chunks_rvq_12800hz/45_clip9.npy
/l/users/fathinah.izzati/tnj_0x/raft2/67.mp4_ProudPeacock_2025-02-27T18-25-47_clip4.pt /l/users/fathinah.izzati/tnj_0x/audio_chunks_rvq_12800hz/67_clip4.npy
/l/users/fathinah.izzati/tnj_0x/raft2/23.mp4_ProudPeacock_2025-02-27T18-07-33_clip6.pt /l/users/fathinah.izzati/tnj_0x/audio_chunks_rvq_12800hz/23_clip6.npy
/l/users/fathinah.izzati/tnj_0x/raft2/89.mp4_ProudPeacock_2025-02-27T16-42-53_clip13.pt /l/users/fathinah.izzati/tnj_0x/audio_chunks_rvq_12800hz/89_clip13.npy
/l/users/fathinah.izzati/tnj_0x/raft2/81.mp4_EagerRabbit_2025-03-01T04-52-32_clip2.pt /l/users/fathinah.izzati/tnj_0x/audio_chunks_rvq_12800hz/81_clip2.npy
/l/users/fathinah.izzati/tnj_0x/raft2/4.mp4_ProudPeacock_2025-02-28T12-21-34_clip7.pt /l/users/fathinah.izzati/tnj_0x/audio_chunks_rvq_12800hz/4_clip7.npy
/l/users/fathinah.izzati/tnj_0x/raft2/4.mp4_ProudPeacock_2025-02-27T13-01-50_clip8.pt /l/users/fathinah.izzati/tnj_0x/audio_chunks_rvq_12800hz/4_clip8.npy
/l/users/fathinah.izzati/tnj_0x/raft2/66.mp4_GracefulPeacock_2025-02-28T17-05-36_clip3.pt /l/users/fathinah.izzati/tnj_0x/audio_chunks_rvq_12800hz/66_clip3.npy
/l/users/fathinah.izzati/tnj_0x/raft2/74.mp4_ProudPeacock_2025-02-26T10-40-52_clip4.pt /l/users/fathinah.izzati/tnj_0x/audio_chunks_rvq_12800hz/74_clip4.npy
/l/users/fathinah.izzati/tnj_0x/raft2/82.mp4_ProudPeacock_2025-02-26T11-06-58_clip10.pt /l/users/fathinah.izzati/tnj_0x/audio_chunks_rvq_12800hz/82_clip10.npy
/l/users/fathinah.izzati/tnj_0x/raft2/91.mp4_InventiveDolphin_2025-02-14T23-00-35_clip6.pt /l/users/fathinah.izzati/tnj_0x/audio_chunks_rvq_12800hz/91_clip6.npy
/l/users/fathinah.izzati/tnj_0x/raft2/79.mp4_ProudPeacock_2025-02-27T18-37-59_clip2.pt /l/users/fathinah.izzati/tnj_0x/audio_chunks_rvq_12800hz/79_clip2.npy
/l/users/fathinah.izzati/tnj_0x/raft2/93.mp4_ProudPeacock_2025-02-28T12-04-45_clip7.pt /l/users/fathinah.izzati/tnj_0x/audio_chunks_rvq_12800hz/93_clip7.npy
/l/users/fathinah.izzati/tnj_0x/raft2/7.mp4_LivelyShark_2025-02-15T15-47-45_clip7.pt /l/users/fathinah.izzati/tnj_0x/audio_chunks_rvq_12800hz/7_clip7.npy
/l/users/fathinah.izzati/tnj_0x/raft2/31.mp4_ProudPeacock_2025-02-20T17-43-41_clip12.pt /l/users/fathinah.izzati/tnj_0x/audio_chunks_rvq_12800hz/31_clip12.npy
/l/users/fathinah.izzati/tnj_0x/raft2/50.mp4_ProudPeacock_2025-02-26T10-51-16_clip10.pt /l/users/fathinah.izzati/tnj_0x/audio_chunks_rvq_12800hz/50_clip10.npy
/l/users/fathinah.izzati/tnj_0x/raft2/62.mp4_ProudPeacock_2025-02-28T11-57-02_clip6.pt /l/users/fathinah.izzati/tnj_0x/audio_chunks_rvq_12800hz/62_clip6.npy
/l/users/fathinah.izzati/tnj_0x/raft2/37.mp4_ProudPeacock_2025-02-21T11-40-29_clip5.pt /l/users/fathinah.izzati/tnj_0x/audio_chunks_rvq_12800hz/37_clip5.npy
/l/users/fathinah.izzati/tnj_0x/raft2/33.mp4_ProudPeacock_2025-02-21T11-20-03_clip7.pt /l/users/fathinah.izzati/tnj_0x/audio_chunks_rvq_12800hz/33_clip7.npy
/l/users/fathinah.izzati/tnj_0x/raft2/93.mp4_EnergeticMonkey_2025-03-01T10-31-44_clip7.pt /l/users/fathinah.izzati/tnj_0x/audio_chunks_rvq_12800hz/93_clip7.npy
/l/users/fathinah.izzati/tnj_0x/raft2/18.mp4_BraveCheetah_2025-02-27T14-43-19_clip5.pt /l/users/fathinah.izzati/tnj_0x/audio_chunks_rvq_12800hz/18_clip5.npy
/l/users/fathinah.izzati/tnj_0x/raft2/12.mp4_ProudPeacock_2025-02-27T12-42-10_clip7.pt /l/users/fathinah.izzati/tnj_0x/audio_chunks_rvq_12800hz/12_clip7.npy
/l/users/fathinah.izzati/tnj_0x/raft2/93.mp4_EnergeticMonkey_2025-03-01T10-31-44_clip10.pt /l/users/fathinah.izzati/tnj_0x/audio_chunks_rvq_12800hz/93_clip10.npy
/l/users/fathinah.izzati/tnj_0x/raft2/76.mp4_EnergeticMonkey_2025-02-13T12-22-49_clip5.pt /l/users/fathinah.izzati/tnj_0x/audio_chunks_rvq_12800hz/76_clip5.npy
/l/users/fathinah.izzati/tnj_0x/raft2/50.mp4_ProudPeacock_2025-02-26T10-51-16_clip3.pt /l/users/fathinah.izzati/tnj_0x/audio_chunks_rvq_12800hz/50_clip3.npy
/l/users/fathinah.izzati/tnj_0x/raft2/43.mp4_ProudPeacock_2025-02-27T17-57-22_clip4.pt /l/users/fathinah.izzati/tnj_0x/audio_chunks_rvq_12800hz/43_clip4.npy
/l/users/fathinah.izzati/tnj_0x/raft2/91.mp4_ProudPeacock_2025-02-28T11-31-57_clip7.pt /l/users/fathinah.izzati/tnj_0x/audio_chunks_rvq_12800hz/91_clip7.npy
/l/users/fathinah.izzati/tnj_0x/raft2/6.mp4_ProudPeacock_2025-02-28T12-28-18_clip6.pt /l/users/fathinah.izzati/tnj_0x/audio_chunks_rvq_12800hz/6_clip6.npy
/l/users/fathinah.izzati/tnj_0x/raft2/31.mp4_ProudPeacock_2025-02-20T17-43-41_clip2.pt /l/users/fathinah.izzati/tnj_0x/audio_chunks_rvq_12800hz/31_clip2.npy
/l/users/fathinah.izzati/tnj_0x/raft2/7.mp4_JollyElephant_2025-02-14T16-27-36_clip8.pt /l/users/fathinah.izzati/tnj_0x/audio_chunks_rvq_12800hz/7_clip8.npy
/l/users/fathinah.izzati/tnj_0x/raft2/91.mp4_ProudPeacock_2025-02-28T11-31-57_clip6.pt /l/users/fathinah.izzati/tnj_0x/audio_chunks_rvq_12800hz/91_clip6.npy
/l/users/fathinah.izzati/tnj_0x/raft2/43.mp4_ProudPeacock_2025-02-27T17-57-22_clip5.pt /l/users/fathinah.izzati/tnj_0x/audio_chunks_rvq_12800hz/43_clip5.npy
/l/users/fathinah.izzati/tnj_0x/raft2/50.mp4_ProudPeacock_2025-02-26T10-51-16_clip2.pt /l/users/fathinah.izzati/tnj_0x/audio_chunks_rvq_12800hz/50_clip2.npy
/l/users/fathinah.izzati/tnj_0x/raft2/7.mp4_JollyElephant_2025-02-14T16-27-36_clip9.pt /l/users/fathinah.izzati/tnj_0x/audio_chunks_rvq_12800hz/7_clip9.npy
/l/users/fathinah.izzati/tnj_0x/raft2/19.mp4_ProudPeacock_2025-02-27T18-15-24_clip1.pt /l/users/fathinah.izzati/tnj_0x/audio_chunks_rvq_12800hz/19_clip1.npy
/l/users/fathinah.izzati/tnj_0x/raft2/79.mp4_HumbleFox_2025-02-21T21-36-37_clip1.pt /l/users/fathinah.izzati/tnj_0x/audio_chunks_rvq_12800hz/79_clip1.npy
/l/users/fathinah.izzati/tnj_0x/raft2/31.mp4_ProudPeacock_2025-02-20T17-43-41_clip3.pt /l/users/fathinah.izzati/tnj_0x/audio_chunks_rvq_12800hz/31_clip3.npy
/l/users/fathinah.izzati/tnj_0x/raft2/6.mp4_ProudPeacock_2025-02-28T12-28-18_clip7.pt /l/users/fathinah.izzati/tnj_0x/audio_chunks_rvq_12800hz/6_clip7.npy
/l/users/fathinah.izzati/tnj_0x/raft2/62.mp4_ProudPeacock_2025-02-28T11-57-02_clip7.pt /l/users/fathinah.izzati/tnj_0x/audio_chunks_rvq_12800hz/62_clip7.npy
/l/users/fathinah.izzati/tnj_0x/raft2/72.mp4_NiceCheetah_2025-02-21T12-36-58_clip1.pt /l/users/fathinah.izzati/tnj_0x/audio_chunks_rvq_12800hz/72_clip1.npy
/l/users/fathinah.izzati/tnj_0x/raft2/7.mp4_LivelyShark_2025-02-15T15-47-45_clip6.pt /l/users/fathinah.izzati/tnj_0x/audio_chunks_rvq_12800hz/7_clip6.npy
/l/users/fathinah.izzati/tnj_0x/raft2/76.mp4_EnergeticMonkey_2025-02-13T12-22-49_clip4.pt /l/users/fathinah.izzati/tnj_0x/audio_chunks_rvq_12800hz/76_clip4.npy
/l/users/fathinah.izzati/tnj_0x/raft2/87.mp4_ProudPeacock_2025-02-28T11-22-30_clip1.pt /l/users/fathinah.izzati/tnj_0x/audio_chunks_rvq_12800hz/87_clip1.npy
/l/users/fathinah.izzati/tnj_0x/raft2/93.mp4_EnergeticMonkey_2025-03-01T10-31-44_clip11.pt /l/users/fathinah.izzati/tnj_0x/audio_chunks_rvq_12800hz/93_clip11.npy
/l/users/fathinah.izzati/tnj_0x/raft2/12.mp4_ProudPeacock_2025-02-27T12-42-10_clip6.pt /l/users/fathinah.izzati/tnj_0x/audio_chunks_rvq_12800hz/12_clip6.npy
/l/users/fathinah.izzati/tnj_0x/raft2/18.mp4_BraveCheetah_2025-02-27T14-43-19_clip4.pt /l/users/fathinah.izzati/tnj_0x/audio_chunks_rvq_12800hz/18_clip4.npy
/l/users/fathinah.izzati/tnj_0x/raft2/93.mp4_EnergeticMonkey_2025-03-01T10-31-44_clip6.pt /l/users/fathinah.izzati/tnj_0x/audio_chunks_rvq_12800hz/93_clip6.npy
/l/users/fathinah.izzati/tnj_0x/raft2/33.mp4_ProudPeacock_2025-02-21T11-20-03_clip6.pt /l/users/fathinah.izzati/tnj_0x/audio_chunks_rvq_12800hz/33_clip6.npy
/l/users/fathinah.izzati/tnj_0x/raft2/37.mp4_ProudPeacock_2025-02-21T11-40-29_clip4.pt /l/users/fathinah.izzati/tnj_0x/audio_chunks_rvq_12800hz/37_clip4.npy
/l/users/fathinah.izzati/tnj_0x/raft2/93.mp4_ProudPeacock_2025-02-28T12-04-45_clip6.pt /l/users/fathinah.izzati/tnj_0x/audio_chunks_rvq_12800hz/93_clip6.npy
/l/users/fathinah.izzati/tnj_0x/raft2/79.mp4_ProudPeacock_2025-02-27T18-37-59_clip3.pt /l/users/fathinah.izzati/tnj_0x/audio_chunks_rvq_12800hz/79_clip3.npy
/l/users/fathinah.izzati/tnj_0x/raft2/91.mp4_InventiveDolphin_2025-02-14T23-00-35_clip7.pt /l/users/fathinah.izzati/tnj_0x/audio_chunks_rvq_12800hz/91_clip7.npy
/l/users/fathinah.izzati/tnj_0x/raft2/37.mp4_ProudPeacock_2025-02-27T12-25-17_clip1.pt /l/users/fathinah.izzati/tnj_0x/audio_chunks_rvq_12800hz/37_clip1.npy
/l/users/fathinah.izzati/tnj_0x/raft2/82.mp4_ProudPeacock_2025-02-26T11-06-58_clip11.pt /l/users/fathinah.izzati/tnj_0x/audio_chunks_rvq_12800hz/82_clip11.npy
/l/users/fathinah.izzati/tnj_0x/raft2/74.mp4_ProudPeacock_2025-02-26T10-40-52_clip5.pt /l/users/fathinah.izzati/tnj_0x/audio_chunks_rvq_12800hz/74_clip5.npy
/l/users/fathinah.izzati/tnj_0x/raft2/37.mp4_NiceCheetah_2025-02-21T12-38-50_clip1.pt /l/users/fathinah.izzati/tnj_0x/audio_chunks_rvq_12800hz/37_clip1.npy
/l/users/fathinah.izzati/tnj_0x/raft2/66.mp4_GracefulPeacock_2025-02-28T17-05-36_clip2.pt /l/users/fathinah.izzati/tnj_0x/audio_chunks_rvq_12800hz/66_clip2.npy
/l/users/fathinah.izzati/tnj_0x/raft2/78.mp4_ProudPeacock_2025-02-28T11-46-52_clip1.pt /l/users/fathinah.izzati/tnj_0x/audio_chunks_rvq_12800hz/78_clip1.npy
/l/users/fathinah.izzati/tnj_0x/raft2/40.mp4_ProudPeacock_2025-02-28T11-37-32_clip1.pt /l/users/fathinah.izzati/tnj_0x/audio_chunks_rvq_12800hz/40_clip1.npy
/l/users/fathinah.izzati/tnj_0x/raft2/67.mp4_ProudPeacock_2025-02-27T18-25-47_clip5.pt /l/users/fathinah.izzati/tnj_0x/audio_chunks_rvq_12800hz/67_clip5.npy
/l/users/fathinah.izzati/tnj_0x/raft2/45.mp4_ProudPeacock_2025-02-21T11-30-06_clip8.pt /l/users/fathinah.izzati/tnj_0x/audio_chunks_rvq_12800hz/45_clip8.npy
/l/users/fathinah.izzati/tnj_0x/raft2/56.mp4_EagerRabbit_2025-03-01T05-12-36_clip1.pt /l/users/fathinah.izzati/tnj_0x/audio_chunks_rvq_12800hz/56_clip1.npy
/l/users/fathinah.izzati/tnj_0x/raft2/4.mp4_ProudPeacock_2025-02-27T13-01-50_clip9.pt /l/users/fathinah.izzati/tnj_0x/audio_chunks_rvq_12800hz/4_clip9.npy
/l/users/fathinah.izzati/tnj_0x/raft2/4.mp4_ProudPeacock_2025-02-28T12-21-34_clip6.pt /l/users/fathinah.izzati/tnj_0x/audio_chunks_rvq_12800hz/4_clip6.npy
/l/users/fathinah.izzati/tnj_0x/raft2/81.mp4_EagerRabbit_2025-03-01T04-52-32_clip3.pt /l/users/fathinah.izzati/tnj_0x/audio_chunks_rvq_12800hz/81_clip3.npy
/l/users/fathinah.izzati/tnj_0x/raft2/89.mp4_ProudPeacock_2025-02-27T16-42-53_clip12.pt /l/users/fathinah.izzati/tnj_0x/audio_chunks_rvq_12800hz/89_clip12.npy
/l/users/fathinah.izzati/tnj_0x/raft2/23.mp4_ProudPeacock_2025-02-27T18-07-33_clip7.pt /l/users/fathinah.izzati/tnj_0x/audio_chunks_rvq_12800hz/23_clip7.npy
/l/users/fathinah.izzati/tnj_0x/raft2/5.mp4_EagerRabbit_2025-03-01T04-45-17_clip2.pt /l/users/fathinah.izzati/tnj_0x/audio_chunks_rvq_12800hz/5_clip2.npy
/l/users/fathinah.izzati/tnj_0x/raft2/19.mp4_ProudPeacock_2025-02-27T18-15-24_clip8.pt /l/users/fathinah.izzati/tnj_0x/audio_chunks_rvq_12800hz/19_clip8.npy
/l/users/fathinah.izzati/tnj_0x/raft2/69.mp4_ProudPeacock_2025-02-26T09-44-00_clip5.pt /l/users/fathinah.izzati/tnj_0x/audio_chunks_rvq_12800hz/69_clip5.npy
/l/users/fathinah.izzati/tnj_0x/raft2/89.mp4_NiceMonkey_2025-03-01T05-49-55_clip4.pt /l/users/fathinah.izzati/tnj_0x/audio_chunks_rvq_12800hz/89_clip4.npy
/l/users/fathinah.izzati/tnj_0x/raft2/54.mp4_EnergeticMonkey_2025-03-01T10-26-38_clip10.pt /l/users/fathinah.izzati/tnj_0x/audio_chunks_rvq_12800hz/54_clip10.npy
/l/users/fathinah.izzati/tnj_0x/raft2/91.mp4_GracefulPeacock_2025-02-28T17-12-52_clip11.pt /l/users/fathinah.izzati/tnj_0x/audio_chunks_rvq_12800hz/91_clip11.npy
/l/users/fathinah.izzati/tnj_0x/raft2/39.mp4_ProudPeacock_2025-02-26T09-48-18_clip5.pt /l/users/fathinah.izzati/tnj_0x/audio_chunks_rvq_12800hz/39_clip5.npy
/l/users/fathinah.izzati/tnj_0x/raft2/76.mp4_EagerRabbit_2025-03-01T04-38-20_clip5.pt /l/users/fathinah.izzati/tnj_0x/audio_chunks_rvq_12800hz/76_clip5.npy
/l/users/fathinah.izzati/tnj_0x/raft2/42.mp4_ProudPeacock_2025-02-27T12-50-47_clip6.pt /l/users/fathinah.izzati/tnj_0x/audio_chunks_rvq_12800hz/42_clip6.npy
/l/users/fathinah.izzati/tnj_0x/raft2/91.mp4_InventiveDolphin_2025-02-14T23-00-35_clip12.pt /l/users/fathinah.izzati/tnj_0x/audio_chunks_rvq_12800hz/91_clip12.npy
/l/users/fathinah.izzati/tnj_0x/raft2/79.mp4_HumbleFox_2025-02-21T21-36-37_clip8.pt /l/users/fathinah.izzati/tnj_0x/audio_chunks_rvq_12800hz/79_clip8.npy
/l/users/fathinah.izzati/tnj_0x/raft2/85.mp4_ProudPeacock_2025-02-26T11-17-31_clip6.pt /l/users/fathinah.izzati/tnj_0x/audio_chunks_rvq_12800hz/85_clip6.npy
/l/users/fathinah.izzati/tnj_0x/raft2/70.mp4_ProudPeacock_2025-02-26T10-59-45_clip6.pt /l/users/fathinah.izzati/tnj_0x/audio_chunks_rvq_12800hz/70_clip6.npy
/l/users/fathinah.izzati/tnj_0x/raft2/40.mp4_ProudPeacock_2025-02-28T11-37-32_clip10.pt /l/users/fathinah.izzati/tnj_0x/audio_chunks_rvq_12800hz/40_clip10.npy
/l/users/fathinah.izzati/tnj_0x/raft2/54.mp4_EnergeticMonkey_2025-03-01T10-26-38_clip3.pt /l/users/fathinah.izzati/tnj_0x/audio_chunks_rvq_12800hz/54_clip3.npy
/l/users/fathinah.izzati/tnj_0x/raft2/24.mp4_NiceCheetah_2025-02-21T12-35-03_clip2.pt /l/users/fathinah.izzati/tnj_0x/audio_chunks_rvq_12800hz/24_clip2.npy
/l/users/fathinah.izzati/tnj_0x/raft2/87.mp4_ProudPeacock_2025-02-28T11-22-30_clip8.pt /l/users/fathinah.izzati/tnj_0x/audio_chunks_rvq_12800hz/87_clip8.npy
/l/users/fathinah.izzati/tnj_0x/raft2/89.mp4_ProudPeacock_2025-02-27T16-42-53_clip2.pt /l/users/fathinah.izzati/tnj_0x/audio_chunks_rvq_12800hz/89_clip2.npy
/l/users/fathinah.izzati/tnj_0x/raft2/20.mp4_ProudPeacock_2025-02-26T09-54-39_clip5.pt /l/users/fathinah.izzati/tnj_0x/audio_chunks_rvq_12800hz/20_clip5.npy
/l/users/fathinah.izzati/tnj_0x/raft2/26.mp4_ProudPeacock_2025-02-27T13-28-39_clip7.pt /l/users/fathinah.izzati/tnj_0x/audio_chunks_rvq_12800hz/26_clip7.npy
/l/users/fathinah.izzati/tnj_0x/raft2/67.mp4_LuckyGoose_2025-02-16T07-08-58_clip4.pt /l/users/fathinah.izzati/tnj_0x/audio_chunks_rvq_12800hz/67_clip4.npy
/l/users/fathinah.izzati/tnj_0x/raft2/91.mp4_GracefulPeacock_2025-02-28T17-12-52_clip7.pt /l/users/fathinah.izzati/tnj_0x/audio_chunks_rvq_12800hz/91_clip7.npy
/l/users/fathinah.izzati/tnj_0x/raft2/40.mp4_ProudPeacock_2025-02-28T11-37-32_clip8.pt /l/users/fathinah.izzati/tnj_0x/audio_chunks_rvq_12800hz/40_clip8.npy
/l/users/fathinah.izzati/tnj_0x/raft2/24.mp4_ProudPeacock_2025-02-28T12-10-41_clip2.pt /l/users/fathinah.izzati/tnj_0x/audio_chunks_rvq_12800hz/24_clip2.npy
/l/users/fathinah.izzati/tnj_0x/raft2/78.mp4_ProudPeacock_2025-02-28T11-46-52_clip8.pt /l/users/fathinah.izzati/tnj_0x/audio_chunks_rvq_12800hz/78_clip8.npy
/l/users/fathinah.izzati/tnj_0x/raft2/82.mp4_ProudPeacock_2025-02-26T11-06-58_clip7.pt /l/users/fathinah.izzati/tnj_0x/audio_chunks_rvq_12800hz/82_clip7.npy
/l/users/fathinah.izzati/tnj_0x/raft2/37.mp4_ProudPeacock_2025-02-27T12-25-17_clip8.pt /l/users/fathinah.izzati/tnj_0x/audio_chunks_rvq_12800hz/37_clip8.npy
/l/users/fathinah.izzati/tnj_0x/raft2/53.mp4_ProudPeacock_2025-02-26T10-46-18_clip2.pt /l/users/fathinah.izzati/tnj_0x/audio_chunks_rvq_12800hz/53_clip2.npy
/l/users/fathinah.izzati/tnj_0x/raft2/67.mp4_ProudPeacock_2025-02-27T18-25-47_clip13.pt /l/users/fathinah.izzati/tnj_0x/audio_chunks_rvq_12800hz/67_clip13.npy
/l/users/fathinah.izzati/tnj_0x/raft2/66.mp4_EagerRabbit_2025-03-01T05-20-21_clip9.pt /l/users/fathinah.izzati/tnj_0x/audio_chunks_rvq_12800hz/66_clip9.npy
/l/users/fathinah.izzati/tnj_0x/raft2/45.mp4_ProudPeacock_2025-02-21T11-30-06_clip1.pt /l/users/fathinah.izzati/tnj_0x/audio_chunks_rvq_12800hz/45_clip1.npy
/l/users/fathinah.izzati/tnj_0x/raft2/56.mp4_EagerRabbit_2025-03-01T05-12-36_clip8.pt /l/users/fathinah.izzati/tnj_0x/audio_chunks_rvq_12800hz/56_clip8.npy
/l/users/fathinah.izzati/tnj_0x/raft2/67.mp4_ProudPeacock_2025-02-27T18-25-47_clip12.pt /l/users/fathinah.izzati/tnj_0x/audio_chunks_rvq_12800hz/67_clip12.npy
/l/users/fathinah.izzati/tnj_0x/raft2/4.mp4_ProudPeacock_2025-02-27T13-01-50_clip1.pt /l/users/fathinah.izzati/tnj_0x/audio_chunks_rvq_12800hz/4_clip1.npy
/l/users/fathinah.izzati/tnj_0x/raft2/56.mp4_EagerRabbit_2025-03-01T05-12-36_clip9.pt /l/users/fathinah.izzati/tnj_0x/audio_chunks_rvq_12800hz/56_clip9.npy
/l/users/fathinah.izzati/tnj_0x/raft2/66.mp4_EagerRabbit_2025-03-01T05-20-21_clip8.pt /l/users/fathinah.izzati/tnj_0x/audio_chunks_rvq_12800hz/66_clip8.npy
/l/users/fathinah.izzati/tnj_0x/raft2/40.mp4_ProudPeacock_2025-02-28T11-37-32_clip9.pt /l/users/fathinah.izzati/tnj_0x/audio_chunks_rvq_12800hz/40_clip9.npy
/l/users/fathinah.izzati/tnj_0x/raft2/78.mp4_ProudPeacock_2025-02-28T11-46-52_clip9.pt /l/users/fathinah.izzati/tnj_0x/audio_chunks_rvq_12800hz/78_clip9.npy
/l/users/fathinah.izzati/tnj_0x/raft2/24.mp4_ProudPeacock_2025-02-28T12-10-41_clip3.pt /l/users/fathinah.izzati/tnj_0x/audio_chunks_rvq_12800hz/24_clip3.npy
/l/users/fathinah.izzati/tnj_0x/raft2/91.mp4_GracefulPeacock_2025-02-28T17-12-52_clip6.pt /l/users/fathinah.izzati/tnj_0x/audio_chunks_rvq_12800hz/91_clip6.npy
/l/users/fathinah.izzati/tnj_0x/raft2/53.mp4_ProudPeacock_2025-02-26T10-46-18_clip3.pt /l/users/fathinah.izzati/tnj_0x/audio_chunks_rvq_12800hz/53_clip3.npy
/l/users/fathinah.izzati/tnj_0x/raft2/82.mp4_ProudPeacock_2025-02-26T11-06-58_clip6.pt /l/users/fathinah.izzati/tnj_0x/audio_chunks_rvq_12800hz/82_clip6.npy
/l/users/fathinah.izzati/tnj_0x/raft2/89.mp4_ProudPeacock_2025-02-27T16-42-53_clip3.pt /l/users/fathinah.izzati/tnj_0x/audio_chunks_rvq_12800hz/89_clip3.npy
/l/users/fathinah.izzati/tnj_0x/raft2/8.mp4_ProudPeacock_2025-02-28T12-15-28_clip1.pt /l/users/fathinah.izzati/tnj_0x/audio_chunks_rvq_12800hz/8_clip1.npy
/l/users/fathinah.izzati/tnj_0x/raft2/67.mp4_LuckyGoose_2025-02-16T07-08-58_clip5.pt /l/users/fathinah.izzati/tnj_0x/audio_chunks_rvq_12800hz/67_clip5.npy
/l/users/fathinah.izzati/tnj_0x/raft2/26.mp4_ProudPeacock_2025-02-27T13-28-39_clip6.pt /l/users/fathinah.izzati/tnj_0x/audio_chunks_rvq_12800hz/26_clip6.npy
/l/users/fathinah.izzati/tnj_0x/raft2/20.mp4_ProudPeacock_2025-02-26T09-54-39_clip4.pt /l/users/fathinah.izzati/tnj_0x/audio_chunks_rvq_12800hz/20_clip4.npy
/l/users/fathinah.izzati/tnj_0x/raft2/85.mp4_ProudPeacock_2025-02-26T11-17-31_clip7.pt /l/users/fathinah.izzati/tnj_0x/audio_chunks_rvq_12800hz/85_clip7.npy
/l/users/fathinah.izzati/tnj_0x/raft2/7.mp4_ZealousDolphin_2025-03-03T12-47-51_clip1.pt /l/users/fathinah.izzati/tnj_0x/audio_chunks_rvq_12800hz/7_clip1.npy
/l/users/fathinah.izzati/tnj_0x/raft2/42.mp4_ProudPeacock_2025-02-27T12-50-47_clip7.pt /l/users/fathinah.izzati/tnj_0x/audio_chunks_rvq_12800hz/42_clip7.npy
/l/users/fathinah.izzati/tnj_0x/raft2/39.mp4_ProudPeacock_2025-02-26T09-48-18_clip4.pt /l/users/fathinah.izzati/tnj_0x/audio_chunks_rvq_12800hz/39_clip4.npy
/l/users/fathinah.izzati/tnj_0x/raft2/76.mp4_EagerRabbit_2025-03-01T04-38-20_clip4.pt /l/users/fathinah.izzati/tnj_0x/audio_chunks_rvq_12800hz/76_clip4.npy
/l/users/fathinah.izzati/tnj_0x/raft2/91.mp4_GracefulPeacock_2025-02-28T17-12-52_clip10.pt /l/users/fathinah.izzati/tnj_0x/audio_chunks_rvq_12800hz/91_clip10.npy
/l/users/fathinah.izzati/tnj_0x/raft2/7.mp4_JollyElephant_2025-02-14T16-27-36_clip1.pt /l/users/fathinah.izzati/tnj_0x/audio_chunks_rvq_12800hz/7_clip1.npy
/l/users/fathinah.izzati/tnj_0x/raft2/89.mp4_NiceMonkey_2025-03-01T05-49-55_clip5.pt /l/users/fathinah.izzati/tnj_0x/audio_chunks_rvq_12800hz/89_clip5.npy
/l/users/fathinah.izzati/tnj_0x/raft2/69.mp4_ProudPeacock_2025-02-26T09-44-00_clip4.pt /l/users/fathinah.izzati/tnj_0x/audio_chunks_rvq_12800hz/69_clip4.npy
/l/users/fathinah.izzati/tnj_0x/raft2/19.mp4_ProudPeacock_2025-02-27T18-15-24_clip9.pt /l/users/fathinah.izzati/tnj_0x/audio_chunks_rvq_12800hz/19_clip9.npy
/l/users/fathinah.izzati/tnj_0x/raft2/5.mp4_EagerRabbit_2025-03-01T04-45-17_clip3.pt /l/users/fathinah.izzati/tnj_0x/audio_chunks_rvq_12800hz/5_clip3.npy
/l/users/fathinah.izzati/tnj_0x/raft2/24.mp4_NiceCheetah_2025-02-21T12-35-03_clip3.pt /l/users/fathinah.izzati/tnj_0x/audio_chunks_rvq_12800hz/24_clip3.npy
/l/users/fathinah.izzati/tnj_0x/raft2/54.mp4_EnergeticMonkey_2025-03-01T10-26-38_clip2.pt /l/users/fathinah.izzati/tnj_0x/audio_chunks_rvq_12800hz/54_clip2.npy
/l/users/fathinah.izzati/tnj_0x/raft2/40.mp4_ProudPeacock_2025-02-28T11-37-32_clip11.pt /l/users/fathinah.izzati/tnj_0x/audio_chunks_rvq_12800hz/40_clip11.npy
/l/users/fathinah.izzati/tnj_0x/raft2/70.mp4_ProudPeacock_2025-02-26T10-59-45_clip7.pt /l/users/fathinah.izzati/tnj_0x/audio_chunks_rvq_12800hz/70_clip7.npy
/l/users/fathinah.izzati/tnj_0x/raft2/20.mp4_ProudPeacock_2025-02-26T09-54-39_clip6.pt /l/users/fathinah.izzati/tnj_0x/audio_chunks_rvq_12800hz/20_clip6.npy
/l/users/fathinah.izzati/tnj_0x/raft2/26.mp4_ProudPeacock_2025-02-27T13-28-39_clip4.pt /l/users/fathinah.izzati/tnj_0x/audio_chunks_rvq_12800hz/26_clip4.npy
/l/users/fathinah.izzati/tnj_0x/raft2/67.mp4_LuckyGoose_2025-02-16T07-08-58_clip7.pt /l/users/fathinah.izzati/tnj_0x/audio_chunks_rvq_12800hz/67_clip7.npy
/l/users/fathinah.izzati/tnj_0x/raft2/8.mp4_ProudPeacock_2025-02-28T12-15-28_clip3.pt /l/users/fathinah.izzati/tnj_0x/audio_chunks_rvq_12800hz/8_clip3.npy
/l/users/fathinah.izzati/tnj_0x/raft2/89.mp4_ProudPeacock_2025-02-27T16-42-53_clip1.pt /l/users/fathinah.izzati/tnj_0x/audio_chunks_rvq_12800hz/89_clip1.npy
/l/users/fathinah.izzati/tnj_0x/raft2/70.mp4_ProudPeacock_2025-02-26T10-59-45_clip5.pt /l/users/fathinah.izzati/tnj_0x/audio_chunks_rvq_12800hz/70_clip5.npy
/l/users/fathinah.izzati/tnj_0x/raft2/50.mp4_ProudPeacock_2025-02-26T10-51-16_clip8.pt /l/users/fathinah.izzati/tnj_0x/audio_chunks_rvq_12800hz/50_clip8.npy
/l/users/fathinah.izzati/tnj_0x/raft2/24.mp4_NiceCheetah_2025-02-21T12-35-03_clip1.pt /l/users/fathinah.izzati/tnj_0x/audio_chunks_rvq_12800hz/24_clip1.npy
/l/users/fathinah.izzati/tnj_0x/raft2/5.mp4_EagerRabbit_2025-03-01T04-45-17_clip1.pt /l/users/fathinah.izzati/tnj_0x/audio_chunks_rvq_12800hz/5_clip1.npy
/l/users/fathinah.izzati/tnj_0x/raft2/69.mp4_ProudPeacock_2025-02-26T09-44-00_clip6.pt /l/users/fathinah.izzati/tnj_0x/audio_chunks_rvq_12800hz/69_clip6.npy
/l/users/fathinah.izzati/tnj_0x/raft2/89.mp4_NiceMonkey_2025-03-01T05-49-55_clip7.pt /l/users/fathinah.izzati/tnj_0x/audio_chunks_rvq_12800hz/89_clip7.npy
/l/users/fathinah.izzati/tnj_0x/raft2/7.mp4_JollyElephant_2025-02-14T16-27-36_clip3.pt /l/users/fathinah.izzati/tnj_0x/audio_chunks_rvq_12800hz/7_clip3.npy
/l/users/fathinah.izzati/tnj_0x/raft2/91.mp4_GracefulPeacock_2025-02-28T17-12-52_clip12.pt /l/users/fathinah.izzati/tnj_0x/audio_chunks_rvq_12800hz/91_clip12.npy
/l/users/fathinah.izzati/tnj_0x/raft2/31.mp4_ProudPeacock_2025-02-20T17-43-41_clip9.pt /l/users/fathinah.izzati/tnj_0x/audio_chunks_rvq_12800hz/31_clip9.npy
/l/users/fathinah.izzati/tnj_0x/raft2/42.mp4_ProudPeacock_2025-02-27T12-50-47_clip5.pt /l/users/fathinah.izzati/tnj_0x/audio_chunks_rvq_12800hz/42_clip5.npy
/l/users/fathinah.izzati/tnj_0x/raft2/76.mp4_EagerRabbit_2025-03-01T04-38-20_clip6.pt /l/users/fathinah.izzati/tnj_0x/audio_chunks_rvq_12800hz/76_clip6.npy
/l/users/fathinah.izzati/tnj_0x/raft2/39.mp4_ProudPeacock_2025-02-26T09-48-18_clip6.pt /l/users/fathinah.izzati/tnj_0x/audio_chunks_rvq_12800hz/39_clip6.npy
/l/users/fathinah.izzati/tnj_0x/raft2/91.mp4_InventiveDolphin_2025-02-14T23-00-35_clip11.pt /l/users/fathinah.izzati/tnj_0x/audio_chunks_rvq_12800hz/91_clip11.npy
/l/users/fathinah.izzati/tnj_0x/raft2/7.mp4_ZealousDolphin_2025-03-03T12-47-51_clip3.pt /l/users/fathinah.izzati/tnj_0x/audio_chunks_rvq_12800hz/7_clip3.npy
/l/users/fathinah.izzati/tnj_0x/raft2/85.mp4_ProudPeacock_2025-02-26T11-17-31_clip5.pt /l/users/fathinah.izzati/tnj_0x/audio_chunks_rvq_12800hz/85_clip5.npy
/l/users/fathinah.izzati/tnj_0x/raft2/45.mp4_ProudPeacock_2025-02-21T11-30-06_clip2.pt /l/users/fathinah.izzati/tnj_0x/audio_chunks_rvq_12800hz/45_clip2.npy
/l/users/fathinah.izzati/tnj_0x/raft2/5.mp4_EagerRabbit_2025-03-01T04-45-17_clip10.pt /l/users/fathinah.izzati/tnj_0x/audio_chunks_rvq_12800hz/5_clip10.npy
/l/users/fathinah.izzati/tnj_0x/raft2/4.mp4_ProudPeacock_2025-02-27T13-01-50_clip3.pt /l/users/fathinah.izzati/tnj_0x/audio_chunks_rvq_12800hz/4_clip3.npy
/l/users/fathinah.izzati/tnj_0x/raft2/67.mp4_ProudPeacock_2025-02-27T18-25-47_clip10.pt /l/users/fathinah.izzati/tnj_0x/audio_chunks_rvq_12800hz/67_clip10.npy
/l/users/fathinah.izzati/tnj_0x/raft2/82.mp4_ProudPeacock_2025-02-26T11-06-58_clip4.pt /l/users/fathinah.izzati/tnj_0x/audio_chunks_rvq_12800hz/82_clip4.npy
/l/users/fathinah.izzati/tnj_0x/raft2/53.mp4_ProudPeacock_2025-02-26T10-46-18_clip1.pt /l/users/fathinah.izzati/tnj_0x/audio_chunks_rvq_12800hz/53_clip1.npy
/l/users/fathinah.izzati/tnj_0x/raft2/66.mp4_GracefulPeacock_2025-02-28T17-05-36_clip8.pt /l/users/fathinah.izzati/tnj_0x/audio_chunks_rvq_12800hz/66_clip8.npy
/l/users/fathinah.izzati/tnj_0x/raft2/91.mp4_GracefulPeacock_2025-02-28T17-12-52_clip4.pt /l/users/fathinah.izzati/tnj_0x/audio_chunks_rvq_12800hz/91_clip4.npy
/l/users/fathinah.izzati/tnj_0x/raft2/24.mp4_ProudPeacock_2025-02-28T12-10-41_clip1.pt /l/users/fathinah.izzati/tnj_0x/audio_chunks_rvq_12800hz/24_clip1.npy
/l/users/fathinah.izzati/tnj_0x/raft2/6.mp4_ProudPeacock_2025-02-28T12-28-18_clip10.pt /l/users/fathinah.izzati/tnj_0x/audio_chunks_rvq_12800hz/6_clip10.npy
/l/users/fathinah.izzati/tnj_0x/raft2/66.mp4_GracefulPeacock_2025-02-28T17-05-36_clip9.pt /l/users/fathinah.izzati/tnj_0x/audio_chunks_rvq_12800hz/66_clip9.npy
/l/users/fathinah.izzati/tnj_0x/raft2/79.mp4_ProudPeacock_2025-02-27T18-37-59_clip8.pt /l/users/fathinah.izzati/tnj_0x/audio_chunks_rvq_12800hz/79_clip8.npy
/l/users/fathinah.izzati/tnj_0x/raft2/82.mp4_ProudPeacock_2025-02-26T11-06-58_clip5.pt /l/users/fathinah.izzati/tnj_0x/audio_chunks_rvq_12800hz/82_clip5.npy
/l/users/fathinah.izzati/tnj_0x/raft2/6.mp4_ProudPeacock_2025-02-28T12-28-18_clip11.pt /l/users/fathinah.izzati/tnj_0x/audio_chunks_rvq_12800hz/6_clip11.npy
/l/users/fathinah.izzati/tnj_0x/raft2/91.mp4_GracefulPeacock_2025-02-28T17-12-52_clip5.pt /l/users/fathinah.izzati/tnj_0x/audio_chunks_rvq_12800hz/91_clip5.npy
/l/users/fathinah.izzati/tnj_0x/raft2/45.mp4_ProudPeacock_2025-02-21T11-30-06_clip3.pt /l/users/fathinah.izzati/tnj_0x/audio_chunks_rvq_12800hz/45_clip3.npy
/l/users/fathinah.izzati/tnj_0x/raft2/81.mp4_EagerRabbit_2025-03-01T04-52-32_clip8.pt /l/users/fathinah.izzati/tnj_0x/audio_chunks_rvq_12800hz/81_clip8.npy
/l/users/fathinah.izzati/tnj_0x/raft2/67.mp4_ProudPeacock_2025-02-27T18-25-47_clip11.pt /l/users/fathinah.izzati/tnj_0x/audio_chunks_rvq_12800hz/67_clip11.npy
/l/users/fathinah.izzati/tnj_0x/raft2/4.mp4_ProudPeacock_2025-02-27T13-01-50_clip2.pt /l/users/fathinah.izzati/tnj_0x/audio_chunks_rvq_12800hz/4_clip2.npy
/l/users/fathinah.izzati/tnj_0x/raft2/54.mp4_EnergeticMonkey_2025-03-01T10-26-38_clip1.pt /l/users/fathinah.izzati/tnj_0x/audio_chunks_rvq_12800hz/54_clip1.npy
/l/users/fathinah.izzati/tnj_0x/raft2/50.mp4_ProudPeacock_2025-02-26T10-51-16_clip9.pt /l/users/fathinah.izzati/tnj_0x/audio_chunks_rvq_12800hz/50_clip9.npy
/l/users/fathinah.izzati/tnj_0x/raft2/70.mp4_ProudPeacock_2025-02-26T10-59-45_clip4.pt /l/users/fathinah.izzati/tnj_0x/audio_chunks_rvq_12800hz/70_clip4.npy
/l/users/fathinah.izzati/tnj_0x/raft2/85.mp4_ProudPeacock_2025-02-26T11-17-31_clip4.pt /l/users/fathinah.izzati/tnj_0x/audio_chunks_rvq_12800hz/85_clip4.npy
/l/users/fathinah.izzati/tnj_0x/raft2/7.mp4_ZealousDolphin_2025-03-03T12-47-51_clip2.pt /l/users/fathinah.izzati/tnj_0x/audio_chunks_rvq_12800hz/7_clip2.npy
/l/users/fathinah.izzati/tnj_0x/raft2/91.mp4_InventiveDolphin_2025-02-14T23-00-35_clip10.pt /l/users/fathinah.izzati/tnj_0x/audio_chunks_rvq_12800hz/91_clip10.npy
/l/users/fathinah.izzati/tnj_0x/raft2/76.mp4_EagerRabbit_2025-03-01T04-38-20_clip7.pt /l/users/fathinah.izzati/tnj_0x/audio_chunks_rvq_12800hz/76_clip7.npy
/l/users/fathinah.izzati/tnj_0x/raft2/39.mp4_ProudPeacock_2025-02-26T09-48-18_clip7.pt /l/users/fathinah.izzati/tnj_0x/audio_chunks_rvq_12800hz/39_clip7.npy
/l/users/fathinah.izzati/tnj_0x/raft2/42.mp4_ProudPeacock_2025-02-27T12-50-47_clip4.pt /l/users/fathinah.izzati/tnj_0x/audio_chunks_rvq_12800hz/42_clip4.npy
/l/users/fathinah.izzati/tnj_0x/raft2/31.mp4_ProudPeacock_2025-02-20T17-43-41_clip8.pt /l/users/fathinah.izzati/tnj_0x/audio_chunks_rvq_12800hz/31_clip8.npy
/l/users/fathinah.izzati/tnj_0x/raft2/7.mp4_JollyElephant_2025-02-14T16-27-36_clip2.pt /l/users/fathinah.izzati/tnj_0x/audio_chunks_rvq_12800hz/7_clip2.npy
/l/users/fathinah.izzati/tnj_0x/raft2/89.mp4_NiceMonkey_2025-03-01T05-49-55_clip6.pt /l/users/fathinah.izzati/tnj_0x/audio_chunks_rvq_12800hz/89_clip6.npy
/l/users/fathinah.izzati/tnj_0x/raft2/69.mp4_ProudPeacock_2025-02-26T09-44-00_clip7.pt /l/users/fathinah.izzati/tnj_0x/audio_chunks_rvq_12800hz/69_clip7.npy
/l/users/fathinah.izzati/tnj_0x/raft2/67.mp4_LuckyGoose_2025-02-16T07-08-58_clip6.pt /l/users/fathinah.izzati/tnj_0x/audio_chunks_rvq_12800hz/67_clip6.npy
/l/users/fathinah.izzati/tnj_0x/raft2/26.mp4_ProudPeacock_2025-02-27T13-28-39_clip5.pt /l/users/fathinah.izzati/tnj_0x/audio_chunks_rvq_12800hz/26_clip5.npy
/l/users/fathinah.izzati/tnj_0x/raft2/20.mp4_ProudPeacock_2025-02-26T09-54-39_clip7.pt /l/users/fathinah.izzati/tnj_0x/audio_chunks_rvq_12800hz/20_clip7.npy
/l/users/fathinah.izzati/tnj_0x/raft2/8.mp4_ProudPeacock_2025-02-28T12-15-28_clip2.pt /l/users/fathinah.izzati/tnj_0x/audio_chunks_rvq_12800hz/8_clip2.npy
/l/users/fathinah.izzati/tnj_0x/raft2/4.mp4_ProudPeacock_2025-02-27T13-01-50_clip6.pt /l/users/fathinah.izzati/tnj_0x/audio_chunks_rvq_12800hz/4_clip6.npy
/l/users/fathinah.izzati/tnj_0x/raft2/23.mp4_ProudPeacock_2025-02-27T18-07-33_clip8.pt /l/users/fathinah.izzati/tnj_0x/audio_chunks_rvq_12800hz/23_clip8.npy
/l/users/fathinah.izzati/tnj_0x/raft2/20.mp4_ProudPeacock_2025-02-26T09-54-39_clip10.pt /l/users/fathinah.izzati/tnj_0x/audio_chunks_rvq_12800hz/20_clip10.npy
/l/users/fathinah.izzati/tnj_0x/raft2/4.mp4_ProudPeacock_2025-02-28T12-21-34_clip9.pt /l/users/fathinah.izzati/tnj_0x/audio_chunks_rvq_12800hz/4_clip9.npy
/l/users/fathinah.izzati/tnj_0x/raft2/45.mp4_ProudPeacock_2025-02-21T11-30-06_clip7.pt /l/users/fathinah.izzati/tnj_0x/audio_chunks_rvq_12800hz/45_clip7.npy
/l/users/fathinah.izzati/tnj_0x/raft2/91.mp4_GracefulPeacock_2025-02-28T17-12-52_clip1.pt /l/users/fathinah.izzati/tnj_0x/audio_chunks_rvq_12800hz/91_clip1.npy
/l/users/fathinah.izzati/tnj_0x/raft2/24.mp4_ProudPeacock_2025-02-28T12-10-41_clip4.pt /l/users/fathinah.izzati/tnj_0x/audio_chunks_rvq_12800hz/24_clip4.npy
/l/users/fathinah.izzati/tnj_0x/raft2/89.mp4_NiceMonkey_2025-03-01T05-49-55_clip13.pt /l/users/fathinah.izzati/tnj_0x/audio_chunks_rvq_12800hz/89_clip13.npy
/l/users/fathinah.izzati/tnj_0x/raft2/53.mp4_ProudPeacock_2025-02-26T10-46-18_clip4.pt /l/users/fathinah.izzati/tnj_0x/audio_chunks_rvq_12800hz/53_clip4.npy
/l/users/fathinah.izzati/tnj_0x/raft2/82.mp4_ProudPeacock_2025-02-26T11-06-58_clip1.pt /l/users/fathinah.izzati/tnj_0x/audio_chunks_rvq_12800hz/82_clip1.npy
/l/users/fathinah.izzati/tnj_0x/raft2/91.mp4_InventiveDolphin_2025-02-14T23-00-35_clip8.pt /l/users/fathinah.izzati/tnj_0x/audio_chunks_rvq_12800hz/91_clip8.npy
/l/users/fathinah.izzati/tnj_0x/raft2/93.mp4_ProudPeacock_2025-02-28T12-04-45_clip9.pt /l/users/fathinah.izzati/tnj_0x/audio_chunks_rvq_12800hz/93_clip9.npy
/l/users/fathinah.izzati/tnj_0x/raft2/93.mp4_EnergeticMonkey_2025-03-01T10-31-44_clip9.pt /l/users/fathinah.izzati/tnj_0x/audio_chunks_rvq_12800hz/93_clip9.npy
/l/users/fathinah.izzati/tnj_0x/raft2/74.mp4_ProudPeacock_2025-02-26T10-40-52_clip11.pt /l/users/fathinah.izzati/tnj_0x/audio_chunks_rvq_12800hz/74_clip11.npy
/l/users/fathinah.izzati/tnj_0x/raft2/12.mp4_ProudPeacock_2025-02-27T12-42-10_clip9.pt /l/users/fathinah.izzati/tnj_0x/audio_chunks_rvq_12800hz/12_clip9.npy
/l/users/fathinah.izzati/tnj_0x/raft2/8.mp4_ProudPeacock_2025-02-28T12-15-28_clip6.pt /l/users/fathinah.izzati/tnj_0x/audio_chunks_rvq_12800hz/8_clip6.npy
/l/users/fathinah.izzati/tnj_0x/raft2/89.mp4_ProudPeacock_2025-02-27T16-42-53_clip4.pt /l/users/fathinah.izzati/tnj_0x/audio_chunks_rvq_12800hz/89_clip4.npy
/l/users/fathinah.izzati/tnj_0x/raft2/20.mp4_ProudPeacock_2025-02-26T09-54-39_clip3.pt /l/users/fathinah.izzati/tnj_0x/audio_chunks_rvq_12800hz/20_clip3.npy
/l/users/fathinah.izzati/tnj_0x/raft2/6.mp4_ZealousDolphin_2025-03-03T13-06-26_clip1.pt /l/users/fathinah.izzati/tnj_0x/audio_chunks_rvq_12800hz/6_clip1.npy
/l/users/fathinah.izzati/tnj_0x/raft2/67.mp4_LuckyGoose_2025-02-16T07-08-58_clip2.pt /l/users/fathinah.izzati/tnj_0x/audio_chunks_rvq_12800hz/67_clip2.npy
/l/users/fathinah.izzati/tnj_0x/raft2/7.mp4_LivelyShark_2025-02-15T15-47-45_clip9.pt /l/users/fathinah.izzati/tnj_0x/audio_chunks_rvq_12800hz/7_clip9.npy
/l/users/fathinah.izzati/tnj_0x/raft2/26.mp4_ProudPeacock_2025-02-27T13-28-39_clip1.pt /l/users/fathinah.izzati/tnj_0x/audio_chunks_rvq_12800hz/26_clip1.npy
/l/users/fathinah.izzati/tnj_0x/raft2/5.mp4_EagerRabbit_2025-03-01T04-45-17_clip4.pt /l/users/fathinah.izzati/tnj_0x/audio_chunks_rvq_12800hz/5_clip4.npy
/l/users/fathinah.izzati/tnj_0x/raft2/7.mp4_JollyElephant_2025-02-14T16-27-36_clip6.pt /l/users/fathinah.izzati/tnj_0x/audio_chunks_rvq_12800hz/7_clip6.npy
/l/users/fathinah.izzati/tnj_0x/raft2/69.mp4_ProudPeacock_2025-02-26T09-44-00_clip3.pt /l/users/fathinah.izzati/tnj_0x/audio_chunks_rvq_12800hz/69_clip3.npy
/l/users/fathinah.izzati/tnj_0x/raft2/89.mp4_NiceMonkey_2025-03-01T05-49-55_clip2.pt /l/users/fathinah.izzati/tnj_0x/audio_chunks_rvq_12800hz/89_clip2.npy
/l/users/fathinah.izzati/tnj_0x/raft2/39.mp4_ProudPeacock_2025-02-26T09-48-18_clip3.pt /l/users/fathinah.izzati/tnj_0x/audio_chunks_rvq_12800hz/39_clip3.npy
/l/users/fathinah.izzati/tnj_0x/raft2/76.mp4_EagerRabbit_2025-03-01T04-38-20_clip3.pt /l/users/fathinah.izzati/tnj_0x/audio_chunks_rvq_12800hz/76_clip3.npy
/l/users/fathinah.izzati/tnj_0x/raft2/6.mp4_ProudPeacock_2025-02-28T12-28-18_clip8.pt /l/users/fathinah.izzati/tnj_0x/audio_chunks_rvq_12800hz/6_clip8.npy
/l/users/fathinah.izzati/tnj_0x/raft2/91.mp4_ProudPeacock_2025-02-28T11-31-57_clip9.pt /l/users/fathinah.izzati/tnj_0x/audio_chunks_rvq_12800hz/91_clip9.npy
/l/users/fathinah.izzati/tnj_0x/raft2/54.mp4_EnergeticMonkey_2025-03-01T10-26-38_clip5.pt /l/users/fathinah.izzati/tnj_0x/audio_chunks_rvq_12800hz/54_clip5.npy
/l/users/fathinah.izzati/tnj_0x/raft2/85.mp4_ProudPeacock_2025-02-26T11-17-31_clip1.pt /l/users/fathinah.izzati/tnj_0x/audio_chunks_rvq_12800hz/85_clip1.npy
/l/users/fathinah.izzati/tnj_0x/raft2/6.mp4_ProudPeacock_2025-02-28T12-28-18_clip9.pt /l/users/fathinah.izzati/tnj_0x/audio_chunks_rvq_12800hz/6_clip9.npy
/l/users/fathinah.izzati/tnj_0x/raft2/39.mp4_ProudPeacock_2025-02-26T09-48-18_clip2.pt /l/users/fathinah.izzati/tnj_0x/audio_chunks_rvq_12800hz/39_clip2.npy
/l/users/fathinah.izzati/tnj_0x/raft2/76.mp4_EagerRabbit_2025-03-01T04-38-20_clip2.pt /l/users/fathinah.izzati/tnj_0x/audio_chunks_rvq_12800hz/76_clip2.npy
/l/users/fathinah.izzati/tnj_0x/raft2/42.mp4_ProudPeacock_2025-02-27T12-50-47_clip1.pt /l/users/fathinah.izzati/tnj_0x/audio_chunks_rvq_12800hz/42_clip1.npy
/l/users/fathinah.izzati/tnj_0x/raft2/89.mp4_NiceMonkey_2025-03-01T05-49-55_clip3.pt /l/users/fathinah.izzati/tnj_0x/audio_chunks_rvq_12800hz/89_clip3.npy
/l/users/fathinah.izzati/tnj_0x/raft2/69.mp4_ProudPeacock_2025-02-26T09-44-00_clip2.pt /l/users/fathinah.izzati/tnj_0x/audio_chunks_rvq_12800hz/69_clip2.npy
/l/users/fathinah.izzati/tnj_0x/raft2/7.mp4_JollyElephant_2025-02-14T16-27-36_clip7.pt /l/users/fathinah.izzati/tnj_0x/audio_chunks_rvq_12800hz/7_clip7.npy
/l/users/fathinah.izzati/tnj_0x/raft2/5.mp4_EagerRabbit_2025-03-01T04-45-17_clip5.pt /l/users/fathinah.izzati/tnj_0x/audio_chunks_rvq_12800hz/5_clip5.npy
/l/users/fathinah.izzati/tnj_0x/raft2/54.mp4_EnergeticMonkey_2025-03-01T10-26-38_clip4.pt /l/users/fathinah.izzati/tnj_0x/audio_chunks_rvq_12800hz/54_clip4.npy
/l/users/fathinah.izzati/tnj_0x/raft2/91.mp4_ProudPeacock_2025-02-28T11-31-57_clip8.pt /l/users/fathinah.izzati/tnj_0x/audio_chunks_rvq_12800hz/91_clip8.npy
/l/users/fathinah.izzati/tnj_0x/raft2/70.mp4_ProudPeacock_2025-02-26T10-59-45_clip1.pt /l/users/fathinah.izzati/tnj_0x/audio_chunks_rvq_12800hz/70_clip1.npy
/l/users/fathinah.izzati/tnj_0x/raft2/33.mp4_ProudPeacock_2025-02-21T11-20-03_clip8.pt /l/users/fathinah.izzati/tnj_0x/audio_chunks_rvq_12800hz/33_clip8.npy
/l/users/fathinah.izzati/tnj_0x/raft2/89.mp4_ProudPeacock_2025-02-27T16-42-53_clip5.pt /l/users/fathinah.izzati/tnj_0x/audio_chunks_rvq_12800hz/89_clip5.npy
/l/users/fathinah.izzati/tnj_0x/raft2/12.mp4_ProudPeacock_2025-02-27T12-42-10_clip8.pt /l/users/fathinah.izzati/tnj_0x/audio_chunks_rvq_12800hz/12_clip8.npy
/l/users/fathinah.izzati/tnj_0x/raft2/74.mp4_ProudPeacock_2025-02-26T10-40-52_clip10.pt /l/users/fathinah.izzati/tnj_0x/audio_chunks_rvq_12800hz/74_clip10.npy
/l/users/fathinah.izzati/tnj_0x/raft2/93.mp4_EnergeticMonkey_2025-03-01T10-31-44_clip8.pt /l/users/fathinah.izzati/tnj_0x/audio_chunks_rvq_12800hz/93_clip8.npy
/l/users/fathinah.izzati/tnj_0x/raft2/7.mp4_LivelyShark_2025-02-15T15-47-45_clip8.pt /l/users/fathinah.izzati/tnj_0x/audio_chunks_rvq_12800hz/7_clip8.npy
/l/users/fathinah.izzati/tnj_0x/raft2/67.mp4_LuckyGoose_2025-02-16T07-08-58_clip3.pt /l/users/fathinah.izzati/tnj_0x/audio_chunks_rvq_12800hz/67_clip3.npy
/l/users/fathinah.izzati/tnj_0x/raft2/20.mp4_ProudPeacock_2025-02-26T09-54-39_clip2.pt /l/users/fathinah.izzati/tnj_0x/audio_chunks_rvq_12800hz/20_clip2.npy
/l/users/fathinah.izzati/tnj_0x/raft2/89.mp4_NiceMonkey_2025-03-01T05-49-55_clip12.pt /l/users/fathinah.izzati/tnj_0x/audio_chunks_rvq_12800hz/89_clip12.npy
/l/users/fathinah.izzati/tnj_0x/raft2/24.mp4_ProudPeacock_2025-02-28T12-10-41_clip5.pt /l/users/fathinah.izzati/tnj_0x/audio_chunks_rvq_12800hz/24_clip5.npy
/l/users/fathinah.izzati/tnj_0x/raft2/93.mp4_ProudPeacock_2025-02-28T12-04-45_clip8.pt /l/users/fathinah.izzati/tnj_0x/audio_chunks_rvq_12800hz/93_clip8.npy
/l/users/fathinah.izzati/tnj_0x/raft2/91.mp4_InventiveDolphin_2025-02-14T23-00-35_clip9.pt /l/users/fathinah.izzati/tnj_0x/audio_chunks_rvq_12800hz/91_clip9.npy
/l/users/fathinah.izzati/tnj_0x/raft2/66.mp4_GracefulPeacock_2025-02-28T17-05-36_clip10.pt /l/users/fathinah.izzati/tnj_0x/audio_chunks_rvq_12800hz/66_clip10.npy
/l/users/fathinah.izzati/tnj_0x/raft2/53.mp4_ProudPeacock_2025-02-26T10-46-18_clip5.pt /l/users/fathinah.izzati/tnj_0x/audio_chunks_rvq_12800hz/53_clip5.npy
/l/users/fathinah.izzati/tnj_0x/raft2/4.mp4_ProudPeacock_2025-02-28T12-21-34_clip8.pt /l/users/fathinah.izzati/tnj_0x/audio_chunks_rvq_12800hz/4_clip8.npy
/l/users/fathinah.izzati/tnj_0x/raft2/20.mp4_ProudPeacock_2025-02-26T09-54-39_clip11.pt /l/users/fathinah.izzati/tnj_0x/audio_chunks_rvq_12800hz/20_clip11.npy
/l/users/fathinah.izzati/tnj_0x/raft2/23.mp4_ProudPeacock_2025-02-27T18-07-33_clip9.pt /l/users/fathinah.izzati/tnj_0x/audio_chunks_rvq_12800hz/23_clip9.npy
/l/users/fathinah.izzati/tnj_0x/raft2/4.mp4_ProudPeacock_2025-02-27T13-01-50_clip7.pt /l/users/fathinah.izzati/tnj_0x/audio_chunks_rvq_12800hz/4_clip7.npy
/l/users/fathinah.izzati/tnj_0x/raft2/45.mp4_ProudPeacock_2025-02-21T11-30-06_clip6.pt /l/users/fathinah.izzati/tnj_0x/audio_chunks_rvq_12800hz/45_clip6.npy
/l/users/fathinah.izzati/tnj_0x/raft2/53.mp4_ProudPeacock_2025-02-26T10-46-18_clip7.pt /l/users/fathinah.izzati/tnj_0x/audio_chunks_rvq_12800hz/53_clip7.npy
/l/users/fathinah.izzati/tnj_0x/raft2/82.mp4_ProudPeacock_2025-02-26T11-06-58_clip2.pt /l/users/fathinah.izzati/tnj_0x/audio_chunks_rvq_12800hz/82_clip2.npy
/l/users/fathinah.izzati/tnj_0x/raft2/74.mp4_ProudPeacock_2025-02-26T10-40-52_clip9.pt /l/users/fathinah.izzati/tnj_0x/audio_chunks_rvq_12800hz/74_clip9.npy
/l/users/fathinah.izzati/tnj_0x/raft2/91.mp4_GracefulPeacock_2025-02-28T17-12-52_clip2.pt /l/users/fathinah.izzati/tnj_0x/audio_chunks_rvq_12800hz/91_clip2.npy
/l/users/fathinah.izzati/tnj_0x/raft2/24.mp4_ProudPeacock_2025-02-28T12-10-41_clip7.pt /l/users/fathinah.izzati/tnj_0x/audio_chunks_rvq_12800hz/24_clip7.npy
/l/users/fathinah.izzati/tnj_0x/raft2/89.mp4_NiceMonkey_2025-03-01T05-49-55_clip10.pt /l/users/fathinah.izzati/tnj_0x/audio_chunks_rvq_12800hz/89_clip10.npy
/l/users/fathinah.izzati/tnj_0x/raft2/67.mp4_ProudPeacock_2025-02-27T18-25-47_clip9.pt /l/users/fathinah.izzati/tnj_0x/audio_chunks_rvq_12800hz/67_clip9.npy
/l/users/fathinah.izzati/tnj_0x/raft2/45.mp4_ProudPeacock_2025-02-21T11-30-06_clip4.pt /l/users/fathinah.izzati/tnj_0x/audio_chunks_rvq_12800hz/45_clip4.npy
/l/users/fathinah.izzati/tnj_0x/raft2/4.mp4_ProudPeacock_2025-02-27T13-01-50_clip5.pt /l/users/fathinah.izzati/tnj_0x/audio_chunks_rvq_12800hz/4_clip5.npy
/l/users/fathinah.izzati/tnj_0x/raft2/70.mp4_ProudPeacock_2025-02-26T10-59-45_clip3.pt /l/users/fathinah.izzati/tnj_0x/audio_chunks_rvq_12800hz/70_clip3.npy
/l/users/fathinah.izzati/tnj_0x/raft2/54.mp4_EnergeticMonkey_2025-03-01T10-26-38_clip6.pt /l/users/fathinah.izzati/tnj_0x/audio_chunks_rvq_12800hz/54_clip6.npy
/l/users/fathinah.izzati/tnj_0x/raft2/5.mp4_EagerRabbit_2025-03-01T04-45-17_clip7.pt /l/users/fathinah.izzati/tnj_0x/audio_chunks_rvq_12800hz/5_clip7.npy
/l/users/fathinah.izzati/tnj_0x/raft2/7.mp4_JollyElephant_2025-02-14T16-27-36_clip5.pt /l/users/fathinah.izzati/tnj_0x/audio_chunks_rvq_12800hz/7_clip5.npy
/l/users/fathinah.izzati/tnj_0x/raft2/91.mp4_ProudPeacock_2025-02-28T11-31-57_clip10.pt /l/users/fathinah.izzati/tnj_0x/audio_chunks_rvq_12800hz/91_clip10.npy
/l/users/fathinah.izzati/tnj_0x/raft2/89.mp4_NiceMonkey_2025-03-01T05-49-55_clip1.pt /l/users/fathinah.izzati/tnj_0x/audio_chunks_rvq_12800hz/89_clip1.npy
/l/users/fathinah.izzati/tnj_0x/raft2/42.mp4_ProudPeacock_2025-02-27T12-50-47_clip3.pt /l/users/fathinah.izzati/tnj_0x/audio_chunks_rvq_12800hz/42_clip3.npy
/l/users/fathinah.izzati/tnj_0x/raft2/85.mp4_ProudPeacock_2025-02-26T11-17-31_clip3.pt /l/users/fathinah.izzati/tnj_0x/audio_chunks_rvq_12800hz/85_clip3.npy
/l/users/fathinah.izzati/tnj_0x/raft2/6.mp4_ZealousDolphin_2025-03-03T13-06-26_clip2.pt /l/users/fathinah.izzati/tnj_0x/audio_chunks_rvq_12800hz/6_clip2.npy
/l/users/fathinah.izzati/tnj_0x/raft2/67.mp4_LuckyGoose_2025-02-16T07-08-58_clip1.pt /l/users/fathinah.izzati/tnj_0x/audio_chunks_rvq_12800hz/67_clip1.npy
/l/users/fathinah.izzati/tnj_0x/raft2/26.mp4_ProudPeacock_2025-02-27T13-28-39_clip2.pt /l/users/fathinah.izzati/tnj_0x/audio_chunks_rvq_12800hz/26_clip2.npy
/l/users/fathinah.izzati/tnj_0x/raft2/74.mp4_ProudPeacock_2025-02-26T10-40-52_clip12.pt /l/users/fathinah.izzati/tnj_0x/audio_chunks_rvq_12800hz/74_clip12.npy
/l/users/fathinah.izzati/tnj_0x/raft2/18.mp4_BraveCheetah_2025-02-27T14-43-19_clip8.pt /l/users/fathinah.izzati/tnj_0x/audio_chunks_rvq_12800hz/18_clip8.npy
/l/users/fathinah.izzati/tnj_0x/raft2/8.mp4_ProudPeacock_2025-02-28T12-15-28_clip5.pt /l/users/fathinah.izzati/tnj_0x/audio_chunks_rvq_12800hz/8_clip5.npy
/l/users/fathinah.izzati/tnj_0x/raft2/76.mp4_EnergeticMonkey_2025-02-13T12-22-49_clip8.pt /l/users/fathinah.izzati/tnj_0x/audio_chunks_rvq_12800hz/76_clip8.npy
/l/users/fathinah.izzati/tnj_0x/raft2/37.mp4_ProudPeacock_2025-02-21T11-40-29_clip8.pt /l/users/fathinah.izzati/tnj_0x/audio_chunks_rvq_12800hz/37_clip8.npy
/l/users/fathinah.izzati/tnj_0x/raft2/89.mp4_ProudPeacock_2025-02-27T16-42-53_clip7.pt /l/users/fathinah.izzati/tnj_0x/audio_chunks_rvq_12800hz/89_clip7.npy
/l/users/fathinah.izzati/tnj_0x/raft2/26.mp4_ProudPeacock_2025-02-27T13-28-39_clip3.pt /l/users/fathinah.izzati/tnj_0x/audio_chunks_rvq_12800hz/26_clip3.npy
/l/users/fathinah.izzati/tnj_0x/raft2/6.mp4_ZealousDolphin_2025-03-03T13-06-26_clip3.pt /l/users/fathinah.izzati/tnj_0x/audio_chunks_rvq_12800hz/6_clip3.npy
/l/users/fathinah.izzati/tnj_0x/raft2/20.mp4_ProudPeacock_2025-02-26T09-54-39_clip1.pt /l/users/fathinah.izzati/tnj_0x/audio_chunks_rvq_12800hz/20_clip1.npy
/l/users/fathinah.izzati/tnj_0x/raft2/89.mp4_ProudPeacock_2025-02-27T16-42-53_clip6.pt /l/users/fathinah.izzati/tnj_0x/audio_chunks_rvq_12800hz/89_clip6.npy
/l/users/fathinah.izzati/tnj_0x/raft2/8.mp4_ProudPeacock_2025-02-28T12-15-28_clip4.pt /l/users/fathinah.izzati/tnj_0x/audio_chunks_rvq_12800hz/8_clip4.npy
/l/users/fathinah.izzati/tnj_0x/raft2/76.mp4_EnergeticMonkey_2025-02-13T12-22-49_clip9.pt /l/users/fathinah.izzati/tnj_0x/audio_chunks_rvq_12800hz/76_clip9.npy
/l/users/fathinah.izzati/tnj_0x/raft2/54.mp4_EnergeticMonkey_2025-03-01T10-26-38_clip7.pt /l/users/fathinah.izzati/tnj_0x/audio_chunks_rvq_12800hz/54_clip7.npy
/l/users/fathinah.izzati/tnj_0x/raft2/43.mp4_ProudPeacock_2025-02-27T17-57-22_clip8.pt /l/users/fathinah.izzati/tnj_0x/audio_chunks_rvq_12800hz/43_clip8.npy
/l/users/fathinah.izzati/tnj_0x/raft2/70.mp4_ProudPeacock_2025-02-26T10-59-45_clip2.pt /l/users/fathinah.izzati/tnj_0x/audio_chunks_rvq_12800hz/70_clip2.npy
/l/users/fathinah.izzati/tnj_0x/raft2/85.mp4_ProudPeacock_2025-02-26T11-17-31_clip2.pt /l/users/fathinah.izzati/tnj_0x/audio_chunks_rvq_12800hz/85_clip2.npy
/l/users/fathinah.izzati/tnj_0x/raft2/42.mp4_ProudPeacock_2025-02-27T12-50-47_clip2.pt /l/users/fathinah.izzati/tnj_0x/audio_chunks_rvq_12800hz/42_clip2.npy
/l/users/fathinah.izzati/tnj_0x/raft2/76.mp4_EagerRabbit_2025-03-01T04-38-20_clip1.pt /l/users/fathinah.izzati/tnj_0x/audio_chunks_rvq_12800hz/76_clip1.npy
/l/users/fathinah.izzati/tnj_0x/raft2/39.mp4_ProudPeacock_2025-02-26T09-48-18_clip1.pt /l/users/fathinah.izzati/tnj_0x/audio_chunks_rvq_12800hz/39_clip1.npy
/l/users/fathinah.izzati/tnj_0x/raft2/69.mp4_ProudPeacock_2025-02-26T09-44-00_clip1.pt /l/users/fathinah.izzati/tnj_0x/audio_chunks_rvq_12800hz/69_clip1.npy
/l/users/fathinah.izzati/tnj_0x/raft2/91.mp4_ProudPeacock_2025-02-28T11-31-57_clip11.pt /l/users/fathinah.izzati/tnj_0x/audio_chunks_rvq_12800hz/91_clip11.npy
/l/users/fathinah.izzati/tnj_0x/raft2/7.mp4_JollyElephant_2025-02-14T16-27-36_clip4.pt /l/users/fathinah.izzati/tnj_0x/audio_chunks_rvq_12800hz/7_clip4.npy
/l/users/fathinah.izzati/tnj_0x/raft2/5.mp4_EagerRabbit_2025-03-01T04-45-17_clip6.pt /l/users/fathinah.izzati/tnj_0x/audio_chunks_rvq_12800hz/5_clip6.npy
/l/users/fathinah.izzati/tnj_0x/raft2/45.mp4_ProudPeacock_2025-02-21T11-30-06_clip5.pt /l/users/fathinah.izzati/tnj_0x/audio_chunks_rvq_12800hz/45_clip5.npy
/l/users/fathinah.izzati/tnj_0x/raft2/67.mp4_ProudPeacock_2025-02-27T18-25-47_clip8.pt /l/users/fathinah.izzati/tnj_0x/audio_chunks_rvq_12800hz/67_clip8.npy
/l/users/fathinah.izzati/tnj_0x/raft2/20.mp4_ProudPeacock_2025-02-26T09-54-39_clip12.pt /l/users/fathinah.izzati/tnj_0x/audio_chunks_rvq_12800hz/20_clip12.npy
/l/users/fathinah.izzati/tnj_0x/raft2/4.mp4_ProudPeacock_2025-02-27T13-01-50_clip4.pt /l/users/fathinah.izzati/tnj_0x/audio_chunks_rvq_12800hz/4_clip4.npy
/l/users/fathinah.izzati/tnj_0x/raft2/74.mp4_ProudPeacock_2025-02-26T10-40-52_clip8.pt /l/users/fathinah.izzati/tnj_0x/audio_chunks_rvq_12800hz/74_clip8.npy
/l/users/fathinah.izzati/tnj_0x/raft2/82.mp4_ProudPeacock_2025-02-26T11-06-58_clip3.pt /l/users/fathinah.izzati/tnj_0x/audio_chunks_rvq_12800hz/82_clip3.npy
/l/users/fathinah.izzati/tnj_0x/raft2/53.mp4_ProudPeacock_2025-02-26T10-46-18_clip6.pt /l/users/fathinah.izzati/tnj_0x/audio_chunks_rvq_12800hz/53_clip6.npy
/l/users/fathinah.izzati/tnj_0x/raft2/89.mp4_NiceMonkey_2025-03-01T05-49-55_clip11.pt /l/users/fathinah.izzati/tnj_0x/audio_chunks_rvq_12800hz/89_clip11.npy
/l/users/fathinah.izzati/tnj_0x/raft2/24.mp4_ProudPeacock_2025-02-28T12-10-41_clip6.pt /l/users/fathinah.izzati/tnj_0x/audio_chunks_rvq_12800hz/24_clip6.npy
/l/users/fathinah.izzati/tnj_0x/raft2/91.mp4_GracefulPeacock_2025-02-28T17-12-52_clip3.pt /l/users/fathinah.izzati/tnj_0x/audio_chunks_rvq_12800hz/91_clip3.npy