/l/users/fathinah.izzati/tnj_0x/raft/CopyofCopyof013-TheZootCat_clip_001_0-10.pt
/l/users/fathinah.izzati/tnj_0x/raft/CopyofCopyof013-TheZootCat_clip_002_10-20.pt
/l/users/fathinah.izzati/tnj_0x/raft/CopyofCopyof013-TheZootCat_clip_004_30-40.pt
/l/users/fathinah.izzati/tnj_0x/raft/CopyofCopyof013-TheZootCat_clip_005_40-50.pt
/l/users/fathinah.izzati/tnj_0x/raft/CopyofCopyof013-TheZootCat_clip_006_50-60.pt
/l/users/fathinah.izzati/tnj_0x/raft/CopyofCopyof013-TheZootCat_clip_007_60-70.pt
/l/users/fathinah.izzati/tnj_0x/raft/CopyofCopyof013-TheZootCat_clip_008_70-80.pt
/l/users/fathinah.izzati/tnj_0x/raft/CopyofCopyof013-TheZootCat_clip_009_80-90.pt
/l/users/fathinah.izzati/tnj_0x/raft/CopyofCopyof013-TheZootCat_clip_011_100-110.pt
/l/users/fathinah.izzati/tnj_0x/raft/CopyofCopyof013-TheZootCat_clip_012_110-120.pt
/l/users/fathinah.izzati/tnj_0x/raft/CopyofCopyof013-TheZootCat_clip_015_140-150.pt
/l/users/fathinah.izzati/tnj_0x/raft/CopyofCopyof013-TheZootCat_clip_016_150-160.pt
/l/users/fathinah.izzati/tnj_0x/raft/CopyofCopyof013-TheZootCat_clip_017_160-170.pt
/l/users/fathinah.izzati/tnj_0x/raft/CopyofCopyof013-TheZootCat_clip_018_170-180.pt
/l/users/fathinah.izzati/tnj_0x/raft/CopyofCopyof013-TheZootCat_clip_020_190-200.pt
/l/users/fathinah.izzati/tnj_0x/raft/CopyofCopyof013-TheZootCat_clip_021_200-210.pt
/l/users/fathinah.izzati/tnj_0x/raft/CopyofCopyof013-TheZootCat_clip_022_210-220.pt
/l/users/fathinah.izzati/tnj_0x/raft/CopyofCopyof013-TheZootCat_clip_023_220-230.pt
/l/users/fathinah.izzati/tnj_0x/raft/CopyofCopyof013-TheZootCat_clip_024_230-240.pt
/l/users/fathinah.izzati/tnj_0x/raft/CopyofCopyof013-TheZootCat_clip_025_240-250.pt
/l/users/fathinah.izzati/tnj_0x/raft/CopyofCopyof013-TheZootCat_clip_026_250-260.pt
/l/users/fathinah.izzati/tnj_0x/raft/CopyofCopyof013-TheZootCat_clip_027_260-270.pt
/l/users/fathinah.izzati/tnj_0x/raft/CopyofCopyof013-TheZootCat_clip_029_280-290.pt
/l/users/fathinah.izzati/tnj_0x/raft/CopyofCopyof013-TheZootCat_clip_030_290-300.pt
/l/users/fathinah.izzati/tnj_0x/raft/CopyofCopyof013-TheZootCat_clip_031_300-310.pt
/l/users/fathinah.izzati/tnj_0x/raft/CopyofCopyof013-TheZootCat_clip_032_310-320.pt
/l/users/fathinah.izzati/tnj_0x/raft/CopyofCopyof013-TheZootCat_clip_033_320-330.pt
/l/users/fathinah.izzati/tnj_0x/raft/CopyofCopyof013-TheZootCat_clip_034_330-340.pt
/l/users/fathinah.izzati/tnj_0x/raft/CopyofCopyof013-TheZootCat_clip_035_340-350.pt
/l/users/fathinah.izzati/tnj_0x/raft/CopyofCopyof013-TheZootCat_clip_036_350-360.pt
/l/users/fathinah.izzati/tnj_0x/raft/CopyofCopyof013-TheZootCat_clip_037_360-370.pt
/l/users/fathinah.izzati/tnj_0x/raft/CopyofCopyof013-TheZootCat_clip_038_370-380.pt
/l/users/fathinah.izzati/tnj_0x/raft/CopyofCopyof013-TheZootCat_clip_040_390-400.pt
/l/users/fathinah.izzati/tnj_0x/raft/CopyofCopyof013-TheZootCat_clip_041_400-410.pt
/l/users/fathinah.izzati/tnj_0x/raft/CopyofCopyof013-TheZootCat_clip_042_410-420.pt